Component: ARM Compiler 5.06 update 1 (build 61) Tool: armlink [4d35a8]

==============================================================================

Section Cross References

    main.o(i.Init_I2C) refers to i2c_stm32f4xx.o(.constdata) for Driver_I2C1
    main.o(i.Init_I2C) refers to main.o(i.callback_I2C) for callback_I2C
    main.o(i.SystemClock_Config) refers to stm32f4xx_hal_rcc.o(i.HAL_RCC_OscConfig) for HAL_RCC_OscConfig
    main.o(i.SystemClock_Config) refers to main.o(i.Error_Handler) for Error_Handler
    main.o(i.SystemClock_Config) refers to stm32f4xx_hal_rcc.o(i.HAL_RCC_ClockConfig) for HAL_RCC_ClockConfig
    main.o(i.SystemClock_Config) refers to stm32f4xx_hal.o(i.HAL_GetREVID) for HAL_GetREVID
    main.o(i.Thread_envoi_I2C) refers to main.o(i.premier_envoi_I2C) for premier_envoi_I2C
    main.o(i.Thread_envoi_I2C) refers to led_f4discovery.o(i.LED_On) for LED_On
    main.o(i.Thread_envoi_I2C) refers to rt_cmsis.o(i.osSignalWait) for osSignalWait
    main.o(i.Thread_envoi_I2C) refers to rt_cmsis.o(i.osDelay) for osDelay
    main.o(i.Thread_envoi_I2C) refers to i2c_stm32f4xx.o(.constdata) for Driver_I2C1
    main.o(i.callback_I2C) refers to rt_cmsis.o(i.osSignalSet) for osSignalSet
    main.o(i.callback_I2C) refers to main.o(.data) for I2C_Event
    main.o(i.main) refers to stm32f4xx_hal.o(i.HAL_Init) for HAL_Init
    main.o(i.main) refers to main.o(i.Init_I2C) for Init_I2C
    main.o(i.main) refers to led_f4discovery.o(i.LED_Initialize) for LED_Initialize
    main.o(i.main) refers to main.o(i.SystemClock_Config) for SystemClock_Config
    main.o(i.main) refers to system_stm32f4xx.o(i.SystemCoreClockUpdate) for SystemCoreClockUpdate
    main.o(i.main) refers to rt_cmsis.o(i.osKernelInitialize) for osKernelInitialize
    main.o(i.main) refers to rt_cmsis.o(i.osThreadCreate) for osThreadCreate
    main.o(i.main) refers to rt_cmsis.o(i.osKernelStart) for osKernelStart
    main.o(i.main) refers to rt_cmsis.o(i.osDelay) for osDelay
    main.o(i.main) refers to main.o(.constdata) for os_thread_def_Thread_envoi_I2C
    main.o(i.main) refers to main.o(.data) for ID_Envoi_I2C
    main.o(i.premier_envoi_I2C) refers to rt_cmsis.o(i.osSignalWait) for osSignalWait
    main.o(i.premier_envoi_I2C) refers to rt_cmsis.o(i.osDelay) for osDelay
    main.o(i.premier_envoi_I2C) refers to i2c_stm32f4xx.o(.constdata) for Driver_I2C1
    main.o(.constdata) refers to main.o(i.Thread_envoi_I2C) for Thread_envoi_I2C
    buttons_f4discovery.o(i.Buttons_GetState) refers to stm32f4xx_hal_gpio.o(i.HAL_GPIO_ReadPin) for HAL_GPIO_ReadPin
    buttons_f4discovery.o(i.Buttons_Initialize) refers to stm32f4xx_hal_gpio.o(i.HAL_GPIO_Init) for HAL_GPIO_Init
    buttons_f4discovery.o(i.Buttons_Uninitialize) refers to stm32f4xx_hal_gpio.o(i.HAL_GPIO_DeInit) for HAL_GPIO_DeInit
    led_f4discovery.o(i.LED_Initialize) refers to stm32f4xx_hal_gpio.o(i.HAL_GPIO_Init) for HAL_GPIO_Init
    led_f4discovery.o(i.LED_Off) refers to stm32f4xx_hal_gpio.o(i.HAL_GPIO_WritePin) for HAL_GPIO_WritePin
    led_f4discovery.o(i.LED_Off) refers to led_f4discovery.o(.constdata) for LED_PIN
    led_f4discovery.o(i.LED_On) refers to stm32f4xx_hal_gpio.o(i.HAL_GPIO_WritePin) for HAL_GPIO_WritePin
    led_f4discovery.o(i.LED_On) refers to led_f4discovery.o(.constdata) for LED_PIN
    led_f4discovery.o(i.LED_SetOut) refers to led_f4discovery.o(i.LED_On) for LED_On
    led_f4discovery.o(i.LED_SetOut) refers to led_f4discovery.o(i.LED_Off) for LED_Off
    led_f4discovery.o(i.LED_Uninitialize) refers to stm32f4xx_hal_gpio.o(i.HAL_GPIO_DeInit) for HAL_GPIO_DeInit
    rtx_conf_cm.o(.emb_text) refers to rt_cmsis.o(i.osKernelInitialize) for osKernelInitialize
    rtx_conf_cm.o(.emb_text) refers to rt_cmsis.o(i.osThreadCreate) for osThreadCreate
    rtx_conf_cm.o(.emb_text) refers to rt_cmsis.o(i.osKernelStart) for osKernelStart
    rtx_conf_cm.o(.emb_text) refers to exit.o(.text) for exit
    rtx_conf_cm.o(.emb_text) refers to rtx_conf_cm.o(.constdata) for os_thread_def_main
    rtx_conf_cm.o(i.__user_perthread_libspace) refers to rt_task.o(i.rt_tsk_self) for rt_tsk_self
    rtx_conf_cm.o(i.__user_perthread_libspace) refers to rt_cmsis.o(.data) for os_running
    rtx_conf_cm.o(i.__user_perthread_libspace) refers to rtx_conf_cm.o(.bss) for .bss
    rtx_conf_cm.o(i.__user_perthread_libspace) refers to libspace.o(.bss) for __libspace_start
    rtx_conf_cm.o(i._mutex_acquire) refers to rt_cmsis.o(.data) for os_running
    rtx_conf_cm.o(i._mutex_acquire) refers to rt_mutex.o(i.rt_mut_wait) for rt_mut_wait
    rtx_conf_cm.o(i._mutex_initialize) refers to rt_mutex.o(i.rt_mut_init) for rt_mut_init
    rtx_conf_cm.o(i._mutex_initialize) refers to rtx_conf_cm.o(.data) for .data
    rtx_conf_cm.o(i._mutex_initialize) refers to rtx_conf_cm.o(.bss) for .bss
    rtx_conf_cm.o(i._mutex_release) refers to rt_cmsis.o(.data) for os_running
[...]
    i.HAL_DMA_Abort                          0x08000870   Section        0  stm32f4xx_hal_dma.o(i.HAL_DMA_Abort)
    i.HAL_DMA_Init                           0x0800091c   Section        0  stm32f4xx_hal_dma.o(i.HAL_DMA_Init)
    i.HAL_DMA_Start_IT                       0x08000a08   Section        0  stm32f4xx_hal_dma.o(i.HAL_DMA_Start_IT)
    i.HAL_Delay                              0x08000aa8   Section        0  stm32f4xx_hal.o(i.HAL_Delay)
    i.HAL_GPIO_DeInit                        0x08000ad0   Section        0  stm32f4xx_hal_gpio.o(i.HAL_GPIO_DeInit)
    i.HAL_GPIO_Init                          0x08000c34   Section        0  stm32f4xx_hal_gpio.o(i.HAL_GPIO_Init)
    i.HAL_GPIO_ReadPin                       0x08000e34   Section        0  stm32f4xx_hal_gpio.o(i.HAL_GPIO_ReadPin)
    i.HAL_GPIO_WritePin                      0x08000e44   Section        0  stm32f4xx_hal_gpio.o(i.HAL_GPIO_WritePin)
    i.HAL_GetREVID                           0x08000e50   Section        0  stm32f4xx_hal.o(i.HAL_GetREVID)
    i.HAL_GetTick                            0x08000e5c   Section        0  stm32f4xx_hal.o(i.HAL_GetTick)
    i.HAL_Init                               0x08000e68   Section        0  stm32f4xx_hal.o(i.HAL_Init)
    i.HAL_InitTick                           0x08000e98   Section        0  stm32f4xx_hal.o(i.HAL_InitTick)
    i.HAL_MspInit                            0x08000ee4   Section        0  stm32f4xx_hal.o(i.HAL_MspInit)
    i.HAL_NVIC_ClearPendingIRQ               0x08000ee8   Section        0  stm32f4xx_hal_cortex.o(i.HAL_NVIC_ClearPendingIRQ)
    i.HAL_NVIC_DisableIRQ                    0x08000f0c   Section        0  stm32f4xx_hal_cortex.o(i.HAL_NVIC_DisableIRQ)
    i.HAL_NVIC_EnableIRQ                     0x08000f50   Section        0  stm32f4xx_hal_cortex.o(i.HAL_NVIC_EnableIRQ)
    i.HAL_NVIC_SetPriority                   0x08000f78   Section        0  stm32f4xx_hal_cortex.o(i.HAL_NVIC_SetPriority)
    i.HAL_NVIC_SetPriorityGrouping           0x08000ff4   Section        0  stm32f4xx_hal_cortex.o(i.HAL_NVIC_SetPriorityGrouping)
    i.HAL_RCC_ClockConfig                    0x0800101c   Section        0  stm32f4xx_hal_rcc.o(i.HAL_RCC_ClockConfig)
    i.HAL_RCC_GetHCLKFreq                    0x0800119c   Section        0  stm32f4xx_hal_rcc.o(i.HAL_RCC_GetHCLKFreq)
    i.HAL_RCC_GetPCLK1Freq                   0x080011a8   Section        0  stm32f4xx_hal_rcc.o(i.HAL_RCC_GetPCLK1Freq)
    i.HAL_RCC_GetSysClockFreq                0x080011c8   Section        0  stm32f4xx_hal_rcc.o(i.HAL_RCC_GetSysClockFreq)
    i.HAL_RCC_OscConfig                      0x08001278   Section        0  stm32f4xx_hal_rcc.o(i.HAL_RCC_OscConfig)
    i.HAL_SYSTICK_Config                     0x080016c0   Section        0  stm32f4xx_hal_cortex.o(i.HAL_SYSTICK_Config)
    i.I2C1_Control                           0x080016f4   Section        0  i2c_stm32f4xx.o(i.I2C1_Control)
    I2C1_Control                             0x080016f5   Thumb Code    18  i2c_stm32f4xx.o(i.I2C1_Control)
    i.I2C1_ER_IRQHandler                     0x0800170c   Section        0  i2c_stm32f4xx.o(i.I2C1_ER_IRQHandler)
    i.I2C1_EV_IRQHandler                     0x0800171c   Section        0  i2c_stm32f4xx.o(i.I2C1_EV_IRQHandler)
    i.I2C1_GetDataCount                      0x0800172c   Section        0  i2c_stm32f4xx.o(i.I2C1_GetDataCount)
    I2C1_GetDataCount                        0x0800172d   Thumb Code    10  i2c_stm32f4xx.o(i.I2C1_GetDataCount)
    i.I2C1_GetStatus                         0x0800173c   Section        0  i2c_stm32f4xx.o(i.I2C1_GetStatus)
    I2C1_GetStatus                           0x0800173d   Thumb Code    12  i2c_stm32f4xx.o(i.I2C1_GetStatus)
    i.I2C1_Initialize                        0x0800174c   Section        0  i2c_stm32f4xx.o(i.I2C1_Initialize)
    I2C1_Initialize                          0x0800174d   Thumb Code    14  i2c_stm32f4xx.o(i.I2C1_Initialize)
    i.I2C1_MasterReceive                     0x08001760   Section        0  i2c_stm32f4xx.o(i.I2C1_MasterReceive)
    I2C1_MasterReceive                       0x08001761   Thumb Code    28  i2c_stm32f4xx.o(i.I2C1_MasterReceive)
    i.I2C1_MasterTransmit                    0x08001780   Section        0  i2c_stm32f4xx.o(i.I2C1_MasterTransmit)
    I2C1_MasterTransmit                      0x08001781   Thumb Code    28  i2c_stm32f4xx.o(i.I2C1_MasterTransmit)
    i.I2C1_PowerControl                      0x080017a0   Section        0  i2c_stm32f4xx.o(i.I2C1_PowerControl)
    I2C1_PowerControl                        0x080017a1   Thumb Code    14  i2c_stm32f4xx.o(i.I2C1_PowerControl)
    i.I2C1_SlaveReceive                      0x080017b4   Section        0  i2c_stm32f4xx.o(i.I2C1_SlaveReceive)
    I2C1_SlaveReceive                        0x080017b5   Thumb Code    18  i2c_stm32f4xx.o(i.I2C1_SlaveReceive)
    i.I2C1_SlaveTransmit                     0x080017cc   Section        0  i2c_stm32f4xx.o(i.I2C1_SlaveTransmit)
    I2C1_SlaveTransmit                       0x080017cd   Thumb Code    18  i2c_stm32f4xx.o(i.I2C1_SlaveTransmit)
    i.I2C1_Uninitialize                      0x080017e4   Section        0  i2c_stm32f4xx.o(i.I2C1_Uninitialize)
    I2C1_Uninitialize                        0x080017e5   Thumb Code    10  i2c_stm32f4xx.o(i.I2C1_Uninitialize)
    i.I2CX_GetCapabilities                   0x080017f4   Section        0  i2c_stm32f4xx.o(i.I2CX_GetCapabilities)
    I2CX_GetCapabilities                     0x080017f5   Thumb Code     6  i2c_stm32f4xx.o(i.I2CX_GetCapabilities)
    i.I2CX_GetVersion                        0x08001800   Section        0  i2c_stm32f4xx.o(i.I2CX_GetVersion)
    I2CX_GetVersion                          0x08001801   Thumb Code    10  i2c_stm32f4xx.o(i.I2CX_GetVersion)
    i.I2C_Control                            0x08001810   Section        0  i2c_stm32f4xx.o(i.I2C_Control)
    I2C_Control                              0x08001811   Thumb Code   816  i2c_stm32f4xx.o(i.I2C_Control)
    i.I2C_ER_IRQHandler                      0x08001b5c   Section        0  i2c_stm32f4xx.o(i.I2C_ER_IRQHandler)
    I2C_ER_IRQHandler                        0x08001b5d   Thumb Code   518  i2c_stm32f4xx.o(i.I2C_ER_IRQHandler)
    i.I2C_EV_IRQHandler                      0x08001d62   Section        0  i2c_stm32f4xx.o(i.I2C_EV_IRQHandler)
    I2C_EV_IRQHandler                        0x08001d63   Thumb Code  1704  i2c_stm32f4xx.o(i.I2C_EV_IRQHandler)
    i.I2C_GetDataCount                       0x0800240a   Section        0  i2c_stm32f4xx.o(i.I2C_GetDataCount)
    I2C_GetDataCount                         0x0800240b   Thumb Code    52  i2c_stm32f4xx.o(i.I2C_GetDataCount)
    i.I2C_GetStatus                          0x0800243e   Section        0  i2c_stm32f4xx.o(i.I2C_GetStatus)
    I2C_GetStatus                            0x0800243f   Thumb Code     8  i2c_stm32f4xx.o(i.I2C_GetStatus)
    i.I2C_Initialize                         0x08002448   Section        0  i2c_stm32f4xx.o(i.I2C_Initialize)
    I2C_Initialize                           0x08002449   Thumb Code   444  i2c_stm32f4xx.o(i.I2C_Initialize)
    i.I2C_MasterReceive                      0x08002608   Section        0  i2c_stm32f4xx.o(i.I2C_MasterReceive)
    I2C_MasterReceive                        0x08002609   Thumb Code   324  i2c_stm32f4xx.o(i.I2C_MasterReceive)
    i.I2C_MasterTransmit                     0x0800274c   Section        0  i2c_stm32f4xx.o(i.I2C_MasterTransmit)
    I2C_MasterTransmit                       0x0800274d   Thumb Code   298  i2c_stm32f4xx.o(i.I2C_MasterTransmit)
    i.I2C_PowerControl                       0x08002878   Section        0  i2c_stm32f4xx.o(i.I2C_PowerControl)
    I2C_PowerControl                         0x08002879   Thumb Code   650  i2c_stm32f4xx.o(i.I2C_PowerControl)
    i.I2C_SlaveReceive                       0x08002b10   Section        0  i2c_stm32f4xx.o(i.I2C_SlaveReceive)
    I2C_SlaveReceive                         0x08002b11   Thumb Code   136  i2c_stm32f4xx.o(i.I2C_SlaveReceive)
    i.I2C_SlaveTransmit                      0x08002b98   Section        0  i2c_stm32f4xx.o(i.I2C_SlaveTransmit)
    I2C_SlaveTransmit                        0x08002b99   Thumb Code   136  i2c_stm32f4xx.o(i.I2C_SlaveTransmit)
    i.I2C_Uninitialize                       0x08002c20   Section        0  i2c_stm32f4xx.o(i.I2C_Uninitialize)
    I2C_Uninitialize                         0x08002c21   Thumb Code    52  i2c_stm32f4xx.o(i.I2C_Uninitialize)
    i.Init_I2C                               0x08002c54   Section        0  main.o(i.Init_I2C)
    i.LED_Initialize                         0x08002c7c   Section        0  led_f4discovery.o(i.LED_Initialize)
    i.LED_On                                 0x08002cc8   Section        0  led_f4discovery.o(i.LED_On)
    i.SystemClock_Config                     0x08002cf4   Section        0  main.o(i.SystemClock_Config)
    SystemClock_Config                       0x08002cf5   Thumb Code   180  main.o(i.SystemClock_Config)
    i.SystemCoreClockUpdate                  0x08002db4   Section        0  system_stm32f4xx.o(i.SystemCoreClockUpdate)
    i.SystemInit                             0x08002e74   Section        0  system_stm32f4xx.o(i.SystemInit)
    i.Thread_envoi_I2C                       0x08002ed8   Section        0  main.o(i.Thread_envoi_I2C)
    i.__NVIC_GetPriorityGrouping             0x08002fa4   Section        0  stm32f4xx_hal_cortex.o(i.__NVIC_GetPriorityGrouping)
    __NVIC_GetPriorityGrouping               0x08002fa5   Thumb Code    10  stm32f4xx_hal_cortex.o(i.__NVIC_GetPriorityGrouping)
    i.__NVIC_SetPriority                     0x08002fb4   Section        0  stm32f4xx_hal_cortex.o(i.__NVIC_SetPriority)
    __NVIC_SetPriority                       0x08002fb5   Thumb Code    32  stm32f4xx_hal_cortex.o(i.__NVIC_SetPriority)
    i._init_box                              0x08002fdc   Section        0  rt_membox.o(i._init_box)
    i._mutex_acquire                         0x08003024   Section        0  rtx_conf_cm.o(i._mutex_acquire)
    __tagsym$$used                           0x08003025   Number         0  rtx_conf_cm.o(i._mutex_acquire)
    i._mutex_release                         0x08003044   Section        0  rtx_conf_cm.o(i._mutex_release)
    __tagsym$$used                           0x08003045   Number         0  rtx_conf_cm.o(i._mutex_release)
    i.callback_I2C                           0x08003060   Section        0  main.o(i.callback_I2C)
    i.dbg_init                               0x08003088   Section        0  hal_cm.o(i.dbg_init)
    i.dbg_task_notify                        0x080030b8   Section        0  hal_cm.o(i.dbg_task_notify)
    i.dbg_task_switch                        0x080030d8   Section        0  hal_cm.o(i.dbg_task_switch)
    i.isrMessageGet                          0x080030e8   Section        0  rt_cmsis.o(i.isrMessageGet)
    i.isrMessagePut                          0x08003112   Section        0  rt_cmsis.o(i.isrMessagePut)
    i.isrSignalSet                           0x0800313e   Section        0  rt_cmsis.o(i.isrSignalSet)
    i.isr_evt_set                            0x08003164   Section        0  rt_event.o(i.isr_evt_set)
    i.isr_mbx_receive                        0x0800318c   Section        0  rt_mailbox.o(i.isr_mbx_receive)
    i.isr_mbx_send                           0x080031e2   Section        0  rt_mailbox.o(i.isr_mbx_send)
    i.main                                   0x080031f0   Section        0  main.o(i.main)
    i.osDelay                                0x08003230   Section        0  rt_cmsis.o(i.osDelay)
    i.osKernelInitialize                     0x08003248   Section        0  rt_cmsis.o(i.osKernelInitialize)
    i.osKernelStart                          0x0800326c   Section        0  rt_cmsis.o(i.osKernelStart)
    i.osMessageGet                           0x080032d8   Section        0  rt_cmsis.o(i.osMessageGet)
    i.osSignalSet                            0x080032f0   Section        0  rt_cmsis.o(i.osSignalSet)
    i.osSignalWait                           0x08003308   Section        0  rt_cmsis.o(i.osSignalWait)
    i.osThreadCreate                         0x08003320   Section        0  rt_cmsis.o(i.osThreadCreate)
    i.osThreadExit                           0x0800334c   Section        0  rt_cmsis.o(i.osThreadExit)
    i.osTimerCall                            0x08003364   Section        0  rt_cmsis.o(i.osTimerCall)
    i.osTimerThread                          0x08003370   Section        0  rt_cmsis.o(i.osTimerThread)
    i.os_error                               0x0800339c   Section        0  rtx_conf_cm.o(i.os_error)
    i.os_idle_demon                          0x080033be   Section        0  rtx_conf_cm.o(i.os_idle_demon)
    i.os_tick_init                           0x080033c4   Section        0  rt_system.o(i.os_tick_init)
    i.os_tick_irqack                         0x080033ec   Section        0  rt_system.o(i.os_tick_irqack)
    i.premier_envoi_I2C                      0x080033f0   Section        0  main.o(i.premier_envoi_I2C)
    i.rt_alloc_box                           0x080034a8   Section        0  rt_membox.o(i.rt_alloc_box)
    i.rt_alloc_mem                           0x080034c2   Section        0  rt_memory.o(i.rt_alloc_mem)
    i.rt_block                               0x08003500   Section        0  rt_task.o(i.rt_block)
    i.rt_chk_robin                           0x08003538   Section        0  rt_robin.o(i.rt_chk_robin)
    i.rt_dec_dly                             0x08003580   Section        0  rt_list.o(i.rt_dec_dly)
    i.rt_dispatch                            0x080035f0   Section        0  rt_task.o(i.rt_dispatch)
    i.rt_dly_wait                            0x08003634   Section        0  rt_time.o(i.rt_dly_wait)
    i.rt_evt_psh                             0x0800363c   Section        0  rt_event.o(i.rt_evt_psh)
    i.rt_evt_set                             0x0800368c   Section        0  rt_event.o(i.rt_evt_set)
    i.rt_evt_wait                            0x080036e8   Section        0  rt_event.o(i.rt_evt_wait)
    i.rt_free_box                            0x08003724   Section        0  rt_membox.o(i.rt_free_box)
    i.rt_free_mem                            0x08003750   Section        0  rt_memory.o(i.rt_free_mem)
    i.rt_get_first                           0x08003778   Section        0  rt_list.o(i.rt_get_first)
    i.rt_id2obj                              0x080037a0   Section        0  rt_cmsis.o(i.rt_id2obj)
    rt_id2obj                                0x080037a1   Thumb Code     8  rt_cmsis.o(i.rt_id2obj)
    i.rt_init_context                        0x080037a8   Section        0  rt_task.o(i.rt_init_context)
    rt_init_context                          0x080037a9   Thumb Code    66  rt_task.o(i.rt_init_context)
    i.rt_init_mem                            0x080037f0   Section        0  rt_memory.o(i.rt_init_mem)
    i.rt_init_robin                          0x0800380c   Section        0  rt_robin.o(i.rt_init_robin)
    i.rt_init_stack                          0x08003824   Section        0  hal_cm.o(i.rt_init_stack)
    i.rt_mbx_check                           0x080038a4   Section        0  rt_mailbox.o(i.rt_mbx_check)
    i.rt_mbx_init                            0x080038ac   Section        0  rt_mailbox.o(i.rt_mbx_init)
    i.rt_mbx_psh                             0x080038c8   Section        0  rt_mailbox.o(i.rt_mbx_psh)
    i.rt_mbx_wait                            0x080039b8   Section        0  rt_mailbox.o(i.rt_mbx_wait)
    i.rt_ms2tick                             0x08003a6c   Section        0  rt_cmsis.o(i.rt_ms2tick)
    rt_ms2tick                               0x08003a6d   Thumb Code    58  rt_cmsis.o(i.rt_ms2tick)
    i.rt_mut_release                         0x08003ab0   Section        0  rt_mutex.o(i.rt_mut_release)
    i.rt_mut_wait                            0x08003b88   Section        0  rt_mutex.o(i.rt_mut_wait)
    i.rt_pop_req                             0x08003c00   Section        0  rt_system.o(i.rt_pop_req)
    i.rt_psh_req                             0x08003c7c   Section        0  rt_system.o(i.rt_psh_req)
    i.rt_psq_enq                             0x08003c9c   Section        0  rt_list.o(i.rt_psq_enq)
    i.rt_put_dly                             0x08003cf8   Section        0  rt_list.o(i.rt_put_dly)
    i.rt_put_prio                            0x08003d40   Section        0  rt_list.o(i.rt_put_prio)
    i.rt_put_rdy_first                       0x08003d78   Section        0  rt_list.o(i.rt_put_rdy_first)
    i.rt_resort_prio                         0x08003d8c   Section        0  rt_list.o(i.rt_resort_prio)
    i.rt_ret_regs                            0x08003dc0   Section        0  hal_cm.o(i.rt_ret_regs)
    rt_ret_regs                              0x08003dc1   Thumb Code    16  hal_cm.o(i.rt_ret_regs)
    i.rt_ret_val                             0x08003dd0   Section        0  hal_cm.o(i.rt_ret_val)
    i.rt_ret_val2                            0x08003ddc   Section        0  hal_cm.o(i.rt_ret_val2)
    i.rt_rmv_dly                             0x08003dec   Section        0  rt_list.o(i.rt_rmv_dly)
    i.rt_rmv_list                            0x08003e14   Section        0  rt_list.o(i.rt_rmv_list)
    i.rt_sem_psh                             0x08003e44   Section        0  rt_semaphore.o(i.rt_sem_psh)
    i.rt_stk_check                           0x08003e78   Section        0  rt_system.o(i.rt_stk_check)
    i.rt_switch_req                          0x08003e9c   Section        0  rt_task.o(i.rt_switch_req)
    i.rt_sys_init                            0x08003ec4   Section        0  rt_task.o(i.rt_sys_init)
    i.rt_sys_start                           0x08003f90   Section        0  rt_task.o(i.rt_sys_start)
    i.rt_systick                             0x08004008   Section        0  rt_system.o(i.rt_systick)
    i.rt_tid2ptcb                            0x08004048   Section        0  rt_cmsis.o(i.rt_tid2ptcb)
    rt_tid2ptcb                              0x08004049   Thumb Code    18  rt_cmsis.o(i.rt_tid2ptcb)
    i.rt_timer_insert                        0x0800405c   Section        0  rt_cmsis.o(i.rt_timer_insert)
    rt_timer_insert                          0x0800405d   Thumb Code    48  rt_cmsis.o(i.rt_timer_insert)
    i.rt_tsk_create                          0x08004090   Section        0  rt_task.o(i.rt_tsk_create)
    i.rt_tsk_delete                          0x08004118   Section        0  rt_task.o(i.rt_tsk_delete)
    i.rt_tsk_prio                            0x08004294   Section        0  rt_task.o(i.rt_tsk_prio)
    i.rt_tsk_self                            0x08004310   Section        0  rt_task.o(i.rt_tsk_self)
    i.svcDelay                               0x08004320   Section        0  rt_cmsis.o(i.svcDelay)
    i.svcKernelInitialize                    0x08004334   Section        0  rt_cmsis.o(i.svcKernelInitialize)
    i.svcKernelStart                         0x080043a4   Section        0  rt_cmsis.o(i.svcKernelStart)
    i.svcMessageCreate                       0x080043ec   Section        0  rt_cmsis.o(i.svcMessageCreate)
    i.svcMessageGet                          0x08004410   Section        0  rt_cmsis.o(i.svcMessageGet)
    i.svcSignalSet                           0x0800444a   Section        0  rt_cmsis.o(i.svcSignalSet)
    i.svcSignalWait                          0x08004470   Section        0  rt_cmsis.o(i.svcSignalWait)
    i.svcThreadCreate                        0x080044c4   Section        0  rt_cmsis.o(i.svcThreadCreate)
    i.svcThreadGetId                         0x08004530   Section        0  rt_cmsis.o(i.svcThreadGetId)
    i.svcThreadTerminate                     0x0800454c   Section        0  rt_cmsis.o(i.svcThreadTerminate)
    i.svcTimerCall                           0x08004584   Section        0  rt_cmsis.o(i.svcTimerCall)
    i.sysTimerTick                           0x0800459c   Section        0  rt_cmsis.o(i.sysTimerTick)
    x$fpl$fpinit                             0x080045f8   Section       10  fpinit.o(x$fpl$fpinit)
    $v0                                      0x080045f8   Number         0  fpinit.o(x$fpl$fpinit)
    .constdata                               0x08004604   Section       16  main.o(.constdata)
    .constdata                               0x08004614   Section       32  led_f4discovery.o(.constdata)
    LED_PIN                                  0x08004614   Data          32  led_f4discovery.o(.constdata)
    .constdata                               0x08004634   Section      104  rtx_conf_cm.o(.constdata)
    __tagsym$$used                           0x08004650   Number         0  rtx_conf_cm.o(.constdata)
    __tagsym$$used                           0x08004654   Number         0  rtx_conf_cm.o(.constdata)
    __tagsym$$used                           0x08004658   Number         0  rtx_conf_cm.o(.constdata)
    __tagsym$$used                           0x0800465c   Number         0  rtx_conf_cm.o(.constdata)
    .constdata                               0x0800469c   Section      104  i2c_stm32f4xx.o(.constdata)
    DriverVersion                            0x0800469c   Data           4  i2c_stm32f4xx.o(.constdata)
    DriverCapabilities                       0x080046a0   Data           4  i2c_stm32f4xx.o(.constdata)
    I2C1_Resources                           0x080046a4   Data          48  i2c_stm32f4xx.o(.constdata)
    .constdata                               0x08004704   Section        8  stm32f4xx_hal_dma.o(.constdata)
    flagBitshiftOffset                       0x08004704   Data           8  stm32f4xx_hal_dma.o(.constdata)
    .constdata                               0x0800470c   Section       24  system_stm32f4xx.o(.constdata)
    .data                                    0x20000000   Section        8  main.o(.data)
    I2C_Event                                0x20000004   Data           4  main.o(.data)
    .data                                    0x20000008   Section       20  rtx_conf_cm.o(.data)
    nr_mutex                                 0x20000018   Data           4  rtx_conf_cm.o(.data)
    .data                                    0x2000001c   Section        9  stm32f4xx_hal.o(.data)
    .data                                    0x20000028   Section        4  system_stm32f4xx.o(.data)
    .data                                    0x2000002c   Section        8  rt_cmsis.o(.data)
    .data                                    0x20000034   Section        8  rt_task.o(.data)
    .data                                    0x2000003c   Section        8  rt_system.o(.data)
    os_lock                                  0x2000003c   Data           1  rt_system.o(.data)
    os_psh_flag                              0x2000003d   Data           1  rt_system.o(.data)
    pend_flags                               0x2000003e   Data           1  rt_system.o(.data)
    .data                                    0x20000044   Section        4  rt_time.o(.data)
    .data                                    0x20000048   Section        8  rt_robin.o(.data)
    .data                                    0x20000050   Section        1  hal_cm.o(.data)
    .bss                                     0x20000058   Section    15616  rtx_conf_cm.o(.bss)
    std_libspace                             0x20003a38   Data         672  rtx_conf_cm.o(.bss)
    std_libmutex                             0x20003cd8   Data         128  rtx_conf_cm.o(.bss)
    .bss                                     0x20003d58   Section       40  i2c_stm32f4xx.o(.bss)
    I2C1_Info                                0x20003d58   Data          40  i2c_stm32f4xx.o(.bss)
    .bss                                     0x20003d80   Section       52  rt_task.o(.bss)
    .bss                                     0x20003db4   Section       48  rt_list.o(.bss)
    .bss                                     0x20003de4   Section       96  libspace.o(.bss)
    HEAP                                     0x20003e48   Section      512  startup_stm32f407xx.o(HEAP)
    Heap_Mem                                 0x20003e48   Data         512  startup_stm32f407xx.o(HEAP)
    STACK                                    0x20004048   Section     1024  startup_stm32f407xx.o(STACK)
    Stack_Mem                                0x20004048   Data        1024  startup_stm32f407xx.o(STACK)
    __initial_sp                             0x20004448   Data           0  startup_stm32f407xx.o(STACK)

    Global Symbols

    Symbol Name                              Value     Ov Type        Size  Object(Section)

    BuildAttributes$$THM_ISAv4$E$P$D$K$B$S$7EM$VFPi3$EXTD16$VFPS$VFMA$PE$A:L22UL41UL21$X:L11$S22US41US21$IEEE1$IW$USESV6$~STKCKD$USESV7$~SHL$OSPACE$ROPI$EBA8$UX$STANDARDLIB$REQ8$PRES8$EABIv2 0x00000000   Number         0  anon$$obj.o ABSOLUTE
    __ARM_use_no_argv                        0x00000000   Number         0  main.o ABSOLUTE
    __ARM_exceptions_init                     - Undefined Weak Reference
    __alloca_initialize                       - Undefined Weak Reference
    __arm_preinit_                            - Undefined Weak Reference
    __cpp_initialize__aeabi_                  - Undefined Weak Reference
    __cxa_finalize                            - Undefined Weak Reference
    __rt_locale                               - Undefined Weak Reference
    __sigvec_lookup                           - Undefined Weak Reference
    _atexit_init                              - Undefined Weak Reference
    _call_atexit_fns                          - Undefined Weak Reference
    _clock_init                               - Undefined Weak Reference
    _fp_trap_init                             - Undefined Weak Reference
    _fp_trap_shutdown                         - Undefined Weak Reference
    _get_lc_collate                           - Undefined Weak Reference
    _get_lc_ctype                             - Undefined Weak Reference
    _get_lc_monetary                          - Undefined Weak Reference
    _get_lc_numeric                           - Undefined Weak Reference
    _get_lc_time                              - Undefined Weak Reference
    _getenv_init                              - Undefined Weak Reference
    _handle_redirection                       - Undefined Weak Reference
    _init_alloc                               - Undefined Weak Reference
    _init_user_alloc                          - Undefined Weak Reference
    _initio                                   - Undefined Weak Reference
    _rand_init                                - Undefined Weak Reference
    _signal_finish                            - Undefined Weak Reference
    _signal_init                              - Undefined Weak Reference
    _terminate_alloc                          - Undefined Weak Reference
    _terminate_user_alloc                     - Undefined Weak Reference
    _terminateio                              - Undefined Weak Reference
    __Vectors_Size                           0x00000188   Number         0  startup_stm32f407xx.o ABSOLUTE
    __RL_RTX_VER                             0x00000482   Number         0  rt_system.o ABSOLUTE
    __Vectors                                0x08000000   Data           4  startup_stm32f407xx.o(RESET)
    __Vectors_End                            0x08000188   Data           0  startup_stm32f407xx.o(RESET)
    __main                                   0x08000189   Thumb Code     8  __main.o(!!!main)
    __scatterload                            0x08000191   Thumb Code     0  __scatter.o(!!!scatter)
    __scatterload_rt2                        0x08000191   Thumb Code    44  __scatter.o(!!!scatter)
    __scatterload_rt2_thumb_only             0x08000191   Thumb Code     0  __scatter.o(!!!scatter)
    __scatterload_null                       0x0800019f   Thumb Code     0  __scatter.o(!!!scatter)
    __scatterload_copy                       0x080001c5   Thumb Code    26  __scatter_copy.o(!!handler_copy)
    __scatterload_zeroinit                   0x080001e1   Thumb Code    28  __scatter_zi.o(!!handler_zi)
    __rt_lib_init                            0x080001fd   Thumb Code     0  libinit.o(.ARM.Collect$$libinit$$00000000)
    __rt_lib_init_fp_1                       0x080001ff   Thumb Code     0  libinit2.o(.ARM.Collect$$libinit$$00000001)
    __rt_lib_init_alloca_1                   0x08000203   Thumb Code     0  libinit2.o(.ARM.Collect$$libinit$$0000002E)
    __rt_lib_init_argv_1                     0x08000203   Thumb Code     0  libinit2.o(.ARM.Collect$$libinit$$0000002C)
    __rt_lib_init_atexit_1                   0x08000203   Thumb Code     0  libinit2.o(.ARM.Collect$$libinit$$0000001B)
    __rt_lib_init_clock_1                    0x08000203   Thumb Code     0  libinit2.o(.ARM.Collect$$libinit$$00000021)
    __rt_lib_init_cpp_1                      0x08000203   Thumb Code     0  libinit2.o(.ARM.Collect$$libinit$$00000032)
    __rt_lib_init_exceptions_1               0x08000203   Thumb Code     0  libinit2.o(.ARM.Collect$$libinit$$00000030)
    __rt_lib_init_fp_trap_1                  0x08000203   Thumb Code     0  libinit2.o(.ARM.Collect$$libinit$$0000001F)
    __rt_lib_init_getenv_1                   0x08000203   Thumb Code     0  libinit2.o(.ARM.Collect$$libinit$$00000023)
    __rt_lib_init_heap_1                     0x08000203   Thumb Code     0  libinit2.o(.ARM.Collect$$libinit$$0000000A)
    __rt_lib_init_lc_collate_1               0x08000203   Thumb Code     0  libinit2.o(.ARM.Collect$$libinit$$00000011)
    __rt_lib_init_lc_ctype_1                 0x08000203   Thumb Code     0  libinit2.o(.ARM.Collect$$libinit$$00000013)
    __rt_lib_init_lc_monetary_1              0x08000203   Thumb Code     0  libinit2.o(.ARM.Collect$$libinit$$00000015)
    __rt_lib_init_lc_numeric_1               0x08000203   Thumb Code     0  libinit2.o(.ARM.Collect$$libinit$$00000017)
    __rt_lib_init_lc_time_1                  0x08000203   Thumb Code     0  libinit2.o(.ARM.Collect$$libinit$$00000019)
    __rt_lib_init_preinit_1                  0x08000203   Thumb Code     0  libinit2.o(.ARM.Collect$$libinit$$00000004)
    __rt_lib_init_rand_1                     0x08000203   Thumb Code     0  libinit2.o(.ARM.Collect$$libinit$$0000000E)
    __rt_lib_init_return                     0x08000203   Thumb Code     0  libinit2.o(.ARM.Collect$$libinit$$00000033)
    __rt_lib_init_signal_1                   0x08000203   Thumb Code     0  libinit2.o(.ARM.Collect$$libinit$$0000001D)
    __rt_lib_init_stdio_1                    0x08000203   Thumb Code     0  libinit2.o(.ARM.Collect$$libinit$$00000025)
    __rt_lib_init_user_alloc_1               0x08000203   Thumb Code     0  libinit2.o(.ARM.Collect$$libinit$$0000000C)
    __rt_lib_shutdown                        0x08000205   Thumb Code     0  libshutdown.o(.ARM.Collect$$libshutdown$$00000000)
    __rt_lib_shutdown_cpp_1                  0x08000207   Thumb Code     0  libshutdown2.o(.ARM.Collect$$libshutdown$$00000002)
    __rt_lib_shutdown_fp_trap_1              0x08000207   Thumb Code     0  libshutdown2.o(.ARM.Collect$$libshutdown$$00000007)
    __rt_lib_shutdown_heap_1                 0x08000207   Thumb Code     0  libshutdown2.o(.ARM.Collect$$libshutdown$$0000000F)
    __rt_lib_shutdown_return                 0x08000207   Thumb Code     0  libshutdown2.o(.ARM.Collect$$libshutdown$$00000010)
    __rt_lib_shutdown_signal_1               0x08000207   Thumb Code     0  libshutdown2.o(.ARM.Collect$$libshutdown$$0000000A)
    __rt_lib_shutdown_stdio_1                0x08000207   Thumb Code     0  libshutdown2.o(.ARM.Collect$$libshutdown$$00000004)
    __rt_lib_shutdown_user_alloc_1           0x08000207   Thumb Code     0  libshutdown2.o(.ARM.Collect$$libshutdown$$0000000C)
    __rt_entry                               0x08000209   Thumb Code     0  __rtentry.o(.ARM.Collect$$rtentry$$00000000)
    __rt_entry_presh_1                       0x08000209   Thumb Code     0  __rtentry2.o(.ARM.Collect$$rtentry$$00000002)
    __rt_entry_sh                            0x08000209   Thumb Code     0  __rtentry4.o(.ARM.Collect$$rtentry$$00000004)
    __rt_entry_li                            0x0800020f   Thumb Code     0  __rtentry2.o(.ARM.Collect$$rtentry$$0000000A)
    __rt_entry_postsh_1                      0x0800020f   Thumb Code     0  __rtentry2.o(.ARM.Collect$$rtentry$$00000009)
    __rt_entry_postli_1                      0x08000213   Thumb Code     0  __rtentry2.o(.ARM.Collect$$rtentry$$0000000B)
    __rt_entry_main                          0x0800021b   Thumb Code     0  __rtentry2.o(.ARM.Collect$$rtentry$$0000000D)
    __rt_exit                                0x08000223   Thumb Code     0  rtexit.o(.ARM.Collect$$rtexit$$00000000)
    __rt_exit_ls                             0x08000225   Thumb Code     0  rtexit2.o(.ARM.Collect$$rtexit$$00000003)
    __rt_exit_prels_1                        0x08000225   Thumb Code     0  rtexit2.o(.ARM.Collect$$rtexit$$00000002)
    __rt_exit_exit                           0x08000229   Thumb Code     0  rtexit2.o(.ARM.Collect$$rtexit$$00000004)
    _platform_post_lib_init                  0x08000231   Thumb Code    24  rtx_conf_cm.o(.emb_text)
    rt_set_PSP                               0x0800024d   Thumb Code     6  hal_cm4.o(.emb_text)
    rt_get_PSP                               0x08000253   Thumb Code     6  hal_cm4.o(.emb_text)
    os_set_env                               0x08000259   Thumb Code    24  hal_cm4.o(.emb_text)
    _alloc_box                               0x08000275   Thumb Code    28  hal_cm4.o(.emb_text)
    _free_box                                0x08000295   Thumb Code    28  hal_cm4.o(.emb_text)
    SVC_Handler                              0x080002b5   Thumb Code   168  hal_cm4.o(.emb_text)
    PendSV_Handler                           0x0800036d   Thumb Code    96  hal_cm4.o(.emb_text)
    SysTick_Handler                          0x080003d1   Thumb Code     8  hal_cm4.o(.emb_text)
    OS_Tick_Handler                          0x080003d9   Thumb Code    12  hal_cm4.o(.emb_text)
    Reset_Handler                            0x080003e5   Thumb Code     8  startup_stm32f407xx.o(.text)
    NMI_Handler                              0x080003ed   Thumb Code     2  startup_stm32f407xx.o(.text)
    HardFault_Handler                        0x080003ef   Thumb Code     2  startup_stm32f407xx.o(.text)
    MemManage_Handler                        0x080003f1   Thumb Code     2  startup_stm32f407xx.o(.text)
    BusFault_Handler                         0x080003f3   Thumb Code     2  startup_stm32f407xx.o(.text)
    UsageFault_Handler                       0x080003f5   Thumb Code     2  startup_stm32f407xx.o(.text)
    DebugMon_Handler                         0x080003f9   Thumb Code     2  startup_stm32f407xx.o(.text)
    ADC_IRQHandler                           0x080003ff   Thumb Code     0  startup_stm32f407xx.o(.text)
    CAN1_RX0_IRQHandler                      0x080003ff   Thumb Code     0  startup_stm32f407xx.o(.text)
    CAN1_RX1_IRQHandler                      0x080003ff   Thumb Code     0  startup_stm32f407xx.o(.text)
    CAN1_SCE_IRQHandler                      0x080003ff   Thumb Code     0  startup_stm32f407xx.o(.text)
    CAN1_TX_IRQHandler                       0x080003ff   Thumb Code     0  startup_stm32f407xx.o(.text)
    CAN2_RX0_IRQHandler                      0x080003ff   Thumb Code     0  startup_stm32f407xx.o(.text)
    CAN2_RX1_IRQHandler                      0x080003ff   Thumb Code     0  startup_stm32f407xx.o(.text)
    CAN2_SCE_IRQHandler                      0x080003ff   Thumb Code     0  startup_stm32f407xx.o(.text)
    CAN2_TX_IRQHandler                       0x080003ff   Thumb Code     0  startup_stm32f407xx.o(.text)
    DCMI_IRQHandler                          0x080003ff   Thumb Code     0  startup_stm32f407xx.o(.text)
    DMA1_Stream0_IRQHandler                  0x080003ff   Thumb Code     0  startup_stm32f407xx.o(.text)
    DMA1_Stream1_IRQHandler                  0x080003ff   Thumb Code     0  startup_stm32f407xx.o(.text)
    DMA1_Stream2_IRQHandler                  0x080003ff   Thumb Code     0  startup_stm32f407xx.o(.text)
    DMA1_Stream3_IRQHandler                  0x080003ff   Thumb Code     0  startup_stm32f407xx.o(.text)
    DMA1_Stream4_IRQHandler                  0x080003ff   Thumb Code     0  startup_stm32f407xx.o(.text)
    DMA1_Stream5_IRQHandler                  0x080003ff   Thumb Code     0  startup_stm32f407xx.o(.text)
    DMA1_Stream6_IRQHandler                  0x080003ff   Thumb Code     0  startup_stm32f407xx.o(.text)
    DMA1_Stream7_IRQHandler                  0x080003ff   Thumb Code     0  startup_stm32f407xx.o(.text)
    DMA2_Stream0_IRQHandler                  0x080003ff   Thumb Code     0  startup_stm32f407xx.o(.text)
    DMA2_Stream1_IRQHandler                  0x080003ff   Thumb Code     0  startup_stm32f407xx.o(.text)
    DMA2_Stream2_IRQHandler                  0x080003ff   Thumb Code     0  startup_stm32f407xx.o(.text)
    DMA2_Stream3_IRQHandler                  0x080003ff   Thumb Code     0  startup_stm32f407xx.o(.text)
    DMA2_Stream4_IRQHandler                  0x080003ff   Thumb Code     0  startup_stm32f407xx.o(.text)
    DMA2_Stream5_IRQHandler                  0x080003ff   Thumb Code     0  startup_stm32f407xx.o(.text)
    DMA2_Stream6_IRQHandler                  0x080003ff   Thumb Code     0  startup_stm32f407xx.o(.text)
    DMA2_Stream7_IRQHandler                  0x080003ff   Thumb Code     0  startup_stm32f407xx.o(.text)
    ETH_IRQHandler                           0x080003ff   Thumb Code     0  startup_stm32f407xx.o(.text)
    ETH_WKUP_IRQHandler                      0x080003ff   Thumb Code     0  startup_stm32f407xx.o(.text)
    EXTI0_IRQHandler                         0x080003ff   Thumb Code     0  startup_stm32f407xx.o(.text)
    EXTI15_10_IRQHandler                     0x080003ff   Thumb Code     0  startup_stm32f407xx.o(.text)
    EXTI1_IRQHandler                         0x080003ff   Thumb Code     0  startup_stm32f407xx.o(.text)
    EXTI2_IRQHandler                         0x080003ff   Thumb Code     0  startup_stm32f407xx.o(.text)
    EXTI3_IRQHandler                         0x080003ff   Thumb Code     0  startup_stm32f407xx.o(.text)
    EXTI4_IRQHandler                         0x080003ff   Thumb Code     0  startup_stm32f407xx.o(.text)
    EXTI9_5_IRQHandler                       0x080003ff   Thumb Code     0  startup_stm32f407xx.o(.text)
    FLASH_IRQHandler                         0x080003ff   Thumb Code     0  startup_stm32f407xx.o(.text)
    FMC_IRQHandler                           0x080003ff   Thumb Code     0  startup_stm32f407xx.o(.text)
    FPU_IRQHandler                           0x080003ff   Thumb Code     0  startup_stm32f407xx.o(.text)
    HASH_RNG_IRQHandler                      0x080003ff   Thumb Code     0  startup_stm32f407xx.o(.text)
    I2C2_ER_IRQHandler                       0x080003ff   Thumb Code     0  startup_stm32f407xx.o(.text)
    I2C2_EV_IRQHandler                       0x080003ff   Thumb Code     0  startup_stm32f407xx.o(.text)
    I2C3_ER_IRQHandler                       0x080003ff   Thumb Code     0  startup_stm32f407xx.o(.text)
    I2C3_EV_IRQHandler                       0x080003ff   Thumb Code     0  startup_stm32f407xx.o(.text)
    OTG_FS_IRQHandler                        0x080003ff   Thumb Code     0  startup_stm32f407xx.o(.text)
    OTG_FS_WKUP_IRQHandler                   0x080003ff   Thumb Code     0  startup_stm32f407xx.o(.text)
    OTG_HS_EP1_IN_IRQHandler                 0x080003ff   Thumb Code     0  startup_stm32f407xx.o(.text)
    OTG_HS_EP1_OUT_IRQHandler                0x080003ff   Thumb Code     0  startup_stm32f407xx.o(.text)
    OTG_HS_IRQHandler                        0x080003ff   Thumb Code     0  startup_stm32f407xx.o(.text)
    OTG_HS_WKUP_IRQHandler                   0x080003ff   Thumb Code     0  startup_stm32f407xx.o(.text)
    PVD_IRQHandler                           0x080003ff   Thumb Code     0  startup_stm32f407xx.o(.text)
    RCC_IRQHandler                           0x080003ff   Thumb Code     0  startup_stm32f407xx.o(.text)
    RTC_Alarm_IRQHandler                     0x080003ff   Thumb Code     0  startup_stm32f407xx.o(.text)
    RTC_WKUP_IRQHandler                      0x080003ff   Thumb Code     0  startup_stm32f407xx.o(.text)
    SDIO_IRQHandler                          0x080003ff   Thumb Code     0  startup_stm32f407xx.o(.text)
    SPI1_IRQHandler                          0x080003ff   Thumb Code     0  startup_stm32f407xx.o(.text)
    SPI2_IRQHandler                          0x080003ff   Thumb Code     0  startup_stm32f407xx.o(.text)
    SPI3_IRQHandler                          0x080003ff   Thumb Code     0  startup_stm32f407xx.o(.text)
    TAMP_STAMP_IRQHandler                    0x080003ff   Thumb Code     0  startup_stm32f407xx.o(.text)
    TIM1_BRK_TIM9_IRQHandler                 0x080003ff   Thumb Code     0  startup_stm32f407xx.o(.text)
    TIM1_CC_IRQHandler                       0x080003ff   Thumb Code     0  startup_stm32f407xx.o(.text)
    TIM1_TRG_COM_TIM11_IRQHandler            0x080003ff   Thumb Code     0  startup_stm32f407xx.o(.text)
    TIM1_UP_TIM10_IRQHandler                 0x080003ff   Thumb Code     0  startup_stm32f407xx.o(.text)
    TIM2_IRQHandler                          0x080003ff   Thumb Code     0  startup_stm32f407xx.o(.text)
    TIM3_IRQHandler                          0x080003ff   Thumb Code     0  startup_stm32f407xx.o(.text)
    TIM4_IRQHandler                          0x080003ff   Thumb Code     0  startup_stm32f407xx.o(.text)
    TIM5_IRQHandler                          0x080003ff   Thumb Code     0  startup_stm32f407xx.o(.text)
    TIM6_DAC_IRQHandler                      0x080003ff   Thumb Code     0  startup_stm32f407xx.o(.text)
    TIM7_IRQHandler                          0x080003ff   Thumb Code     0  startup_stm32f407xx.o(.text)
    TIM8_BRK_TIM12_IRQHandler                0x080003ff   Thumb Code     0  startup_stm32f407xx.o(.text)
    TIM8_CC_IRQHandler                       0x080003ff   Thumb Code     0  startup_stm32f407xx.o(.text)
    TIM8_TRG_COM_TIM14_IRQHandler            0x080003ff   Thumb Code     0  startup_stm32f407xx.o(.text)
    TIM8_UP_TIM13_IRQHandler                 0x080003ff   Thumb Code     0  startup_stm32f407xx.o(.text)
    UART4_IRQHandler                         0x080003ff   Thumb Code     0  startup_stm32f407xx.o(.text)
    UART5_IRQHandler                         0x080003ff   Thumb Code     0  startup_stm32f407xx.o(.text)
    USART1_IRQHandler                        0x080003ff   Thumb Code     0  startup_stm32f407xx.o(.text)
    USART2_IRQHandler                        0x080003ff   Thumb Code     0  startup_stm32f407xx.o(.text)
    USART3_IRQHandler                        0x080003ff   Thumb Code     0  startup_stm32f407xx.o(.text)
    USART6_IRQHandler                        0x080003ff   Thumb Code     0  startup_stm32f407xx.o(.text)
    WWDG_IRQHandler                          0x080003ff   Thumb Code     0  startup_stm32f407xx.o(.text)
    __user_initial_stackheap                 0x08000401   Thumb Code     0  startup_stm32f407xx.o(.text)
    __user_libspace                          0x08000425   Thumb Code     8  libspace.o(.text)
    __user_perproc_libspace                  0x08000425   Thumb Code     0  libspace.o(.text)
    __aeabi_uldivmod                         0x0800042d   Thumb Code     0  lludivv7m.o(.text)
    _ll_udiv                                 0x0800042d   Thumb Code   238  lludivv7m.o(.text)
    exit                                     0x0800051b   Thumb Code    18  exit.o(.text)
    __aeabi_memclr4                          0x0800052d   Thumb Code     0  rt_memclr_w.o(.text)
    __aeabi_memclr8                          0x0800052d   Thumb Code     0  rt_memclr_w.o(.text)
    __rt_memclr_w                            0x0800052d   Thumb Code    78  rt_memclr_w.o(.text)
    _memset_w                                0x08000531   Thumb Code     0  rt_memclr_w.o(.text)
    __use_two_region_memory                  0x0800057b   Thumb Code     2  heapauxi.o(.text)
    __rt_heap_escrow$2region                 0x0800057d   Thumb Code     2  heapauxi.o(.text)
    __rt_heap_expand$2region                 0x0800057f   Thumb Code     2  heapauxi.o(.text)
    _sys_exit                                0x08000581   Thumb Code     8  sys_exit.o(.text)
    __user_setup_stackheap                   0x0800058d   Thumb Code    74  sys_stackheap_outer.o(.text)
    __I$use$semihosting                      0x080005d7   Thumb Code     0  use_no_semi.o(.text)
    __use_no_semihosting_swi                 0x080005d7   Thumb Code     2  use_no_semi.o(.text)
    SVC_Count                                0x080005d8   Data           4  svc_table.o(SVC_TABLE)
    __semihosting_library_function           0x080005d9   Thumb Code     0  indicate_semi.o(.text)
    SVC_Table                                0x080005dc   Data           0  svc_table.o(SVC_TABLE)
    HAL_DMA_Abort                            0x08000871   Thumb Code   170  stm32f4xx_hal_dma.o(i.HAL_DMA_Abort)
    HAL_DMA_Init                             0x0800091d   Thumb Code   232  stm32f4xx_hal_dma.o(i.HAL_DMA_Init)
    HAL_DMA_Start_IT                         0x08000a09   Thumb Code   158  stm32f4xx_hal_dma.o(i.HAL_DMA_Start_IT)
    HAL_Delay                                0x08000aa9   Thumb Code    36  stm32f4xx_hal.o(i.HAL_Delay)
    HAL_GPIO_DeInit                          0x08000ad1   Thumb Code   316  stm32f4xx_hal_gpio.o(i.HAL_GPIO_DeInit)
    HAL_GPIO_Init                            0x08000c35   Thumb Code   466  stm32f4xx_hal_gpio.o(i.HAL_GPIO_Init)
    HAL_GPIO_ReadPin                         0x08000e35   Thumb Code    16  stm32f4xx_hal_gpio.o(i.HAL_GPIO_ReadPin)
    HAL_GPIO_WritePin                        0x08000e45   Thumb Code    12  stm32f4xx_hal_gpio.o(i.HAL_GPIO_WritePin)
    HAL_GetREVID                             0x08000e51   Thumb Code     8  stm32f4xx_hal.o(i.HAL_GetREVID)
    HAL_GetTick                              0x08000e5d   Thumb Code     6  stm32f4xx_hal.o(i.HAL_GetTick)
    HAL_Init                                 0x08000e69   Thumb Code    44  stm32f4xx_hal.o(i.HAL_Init)
    HAL_InitTick                             0x08000e99   Thumb Code    64  stm32f4xx_hal.o(i.HAL_InitTick)
    HAL_MspInit                              0x08000ee5   Thumb Code     2  stm32f4xx_hal.o(i.HAL_MspInit)
    HAL_NVIC_ClearPendingIRQ                 0x08000ee9   Thumb Code    30  stm32f4xx_hal_cortex.o(i.HAL_NVIC_ClearPendingIRQ)
    HAL_NVIC_DisableIRQ                      0x08000f0d   Thumb Code    62  stm32f4xx_hal_cortex.o(i.HAL_NVIC_DisableIRQ)
    HAL_NVIC_EnableIRQ                       0x08000f51   Thumb Code    40  stm32f4xx_hal_cortex.o(i.HAL_NVIC_EnableIRQ)
    HAL_NVIC_SetPriority                     0x08000f79   Thumb Code   124  stm32f4xx_hal_cortex.o(i.HAL_NVIC_SetPriority)
    HAL_NVIC_SetPriorityGrouping             0x08000ff5   Thumb Code    32  stm32f4xx_hal_cortex.o(i.HAL_NVIC_SetPriorityGrouping)
    HAL_RCC_ClockConfig                      0x0800101d   Thumb Code   366  stm32f4xx_hal_rcc.o(i.HAL_RCC_ClockConfig)
    HAL_RCC_GetHCLKFreq                      0x0800119d   Thumb Code     6  stm32f4xx_hal_rcc.o(i.HAL_RCC_GetHCLKFreq)
    HAL_RCC_GetPCLK1Freq                     0x080011a9   Thumb Code    22  stm32f4xx_hal_rcc.o(i.HAL_RCC_GetPCLK1Freq)
    HAL_RCC_GetSysClockFreq                  0x080011c9   Thumb Code   162  stm32f4xx_hal_rcc.o(i.HAL_RCC_GetSysClockFreq)
    HAL_RCC_OscConfig                        0x08001279   Thumb Code  1086  stm32f4xx_hal_rcc.o(i.HAL_RCC_OscConfig)
    HAL_SYSTICK_Config                       0x080016c1   Thumb Code    52  stm32f4xx_hal_cortex.o(i.HAL_SYSTICK_Config)
    I2C1_ER_IRQHandler                       0x0800170d   Thumb Code    10  i2c_stm32f4xx.o(i.I2C1_ER_IRQHandler)
    I2C1_EV_IRQHandler                       0x0800171d   Thumb Code    10  i2c_stm32f4xx.o(i.I2C1_EV_IRQHandler)
    Init_I2C                                 0x08002c55   Thumb Code    30  main.o(i.Init_I2C)
    LED_Initialize                           0x08002c7d   Thumb Code    68  led_f4discovery.o(i.LED_Initialize)
    LED_On                                   0x08002cc9   Thumb Code    40  led_f4discovery.o(i.LED_On)
    SystemCoreClockUpdate                    0x08002db5   Thumb Code   170  system_stm32f4xx.o(i.SystemCoreClockUpdate)
    SystemInit                               0x08002e75   Thumb Code    82  system_stm32f4xx.o(i.SystemInit)
    Thread_envoi_I2C                         0x08002ed9   Thumb Code   200  main.o(i.Thread_envoi_I2C)
    _init_box                                0x08002fdd   Thumb Code    70  rt_membox.o(i._init_box)
    _mutex_acquire                           0x08003025   Thumb Code    22  rtx_conf_cm.o(i._mutex_acquire)
    _mutex_release                           0x08003045   Thumb Code    18  rtx_conf_cm.o(i._mutex_release)
    callback_I2C                             0x08003061   Thumb Code    32  main.o(i.callback_I2C)
    dbg_init                                 0x08003089   Thumb Code    34  hal_cm.o(i.dbg_init)
    dbg_task_notify                          0x080030b9   Thumb Code    32  hal_cm.o(i.dbg_task_notify)
    dbg_task_switch                          0x080030d9   Thumb Code    16  hal_cm.o(i.dbg_task_switch)
    isrMessageGet                            0x080030e9   Thumb Code    42  rt_cmsis.o(i.isrMessageGet)
    isrMessagePut                            0x08003113   Thumb Code    44  rt_cmsis.o(i.isrMessagePut)
    isrSignalSet                             0x0800313f   Thumb Code    36  rt_cmsis.o(i.isrSignalSet)
    isr_evt_set                              0x08003165   Thumb Code    34  rt_event.o(i.isr_evt_set)
    isr_mbx_receive                          0x0800318d   Thumb Code    86  rt_mailbox.o(i.isr_mbx_receive)
    isr_mbx_send                             0x080031e3   Thumb Code    14  rt_mailbox.o(i.isr_mbx_send)
    main                                     0x080031f1   Thumb Code    54  main.o(i.main)
    osDelay                                  0x08003231   Thumb Code    18  rt_cmsis.o(i.osDelay)
    osKernelInitialize                       0x08003249   Thumb Code    30  rt_cmsis.o(i.osKernelInitialize)
    osKernelStart                            0x0800326d   Thumb Code    98  rt_cmsis.o(i.osKernelStart)
    osMessageGet                             0x080032d9   Thumb Code    18  rt_cmsis.o(i.osMessageGet)
    osSignalSet                              0x080032f1   Thumb Code    18  rt_cmsis.o(i.osSignalSet)
    osSignalWait                             0x08003309   Thumb Code    18  rt_cmsis.o(i.osSignalWait)
    osThreadCreate                           0x08003321   Thumb Code    36  rt_cmsis.o(i.osThreadCreate)
    osThreadExit                             0x0800334d   Thumb Code    14  rt_cmsis.o(i.osThreadExit)
    osTimerCall                              0x08003365   Thumb Code     8  rt_cmsis.o(i.osTimerCall)
    osTimerThread                            0x08003371   Thumb Code    38  rt_cmsis.o(i.osTimerThread)
    os_error                                 0x0800339d   Thumb Code    34  rtx_conf_cm.o(i.os_error)
    os_idle_demon                            0x080033bf   Thumb Code     4  rtx_conf_cm.o(i.os_idle_demon)
    os_tick_init                             0x080033c5   Thumb Code    32  rt_system.o(i.os_tick_init)
    os_tick_irqack                           0x080033ed   Thumb Code     2  rt_system.o(i.os_tick_irqack)
    premier_envoi_I2C                        0x080033f1   Thumb Code   178  main.o(i.premier_envoi_I2C)
    rt_alloc_box                             0x080034a9   Thumb Code    26  rt_membox.o(i.rt_alloc_box)
    rt_alloc_mem                             0x080034c3   Thumb Code    62  rt_memory.o(i.rt_alloc_mem)
    rt_block                                 0x08003501   Thumb Code    48  rt_task.o(i.rt_block)
    rt_chk_robin                             0x08003539   Thumb Code    60  rt_robin.o(i.rt_chk_robin)
    rt_dec_dly                               0x08003581   Thumb Code   102  rt_list.o(i.rt_dec_dly)
    rt_dispatch                              0x080035f1   Thumb Code    60  rt_task.o(i.rt_dispatch)
    rt_dly_wait                              0x08003635   Thumb Code     6  rt_time.o(i.rt_dly_wait)
    rt_evt_psh                               0x0800363d   Thumb Code    76  rt_event.o(i.rt_evt_psh)
    rt_evt_set                               0x0800368d   Thumb Code    88  rt_event.o(i.rt_evt_set)
    rt_evt_wait                              0x080036e9   Thumb Code    56  rt_event.o(i.rt_evt_wait)
    rt_free_box                              0x08003725   Thumb Code    44  rt_membox.o(i.rt_free_box)
    rt_free_mem                              0x08003751   Thumb Code    40  rt_memory.o(i.rt_free_mem)
    rt_get_first                             0x08003779   Thumb Code    40  rt_list.o(i.rt_get_first)
    rt_init_mem                              0x080037f1   Thumb Code    26  rt_memory.o(i.rt_init_mem)
    rt_init_robin                            0x0800380d   Thumb Code    14  rt_robin.o(i.rt_init_robin)
    rt_init_stack                            0x08003825   Thumb Code   118  hal_cm.o(i.rt_init_stack)
    rt_mbx_check                             0x080038a5   Thumb Code     8  rt_mailbox.o(i.rt_mbx_check)
    rt_mbx_init                              0x080038ad   Thumb Code    26  rt_mailbox.o(i.rt_mbx_init)
    rt_mbx_psh                               0x080038c9   Thumb Code   236  rt_mailbox.o(i.rt_mbx_psh)
    rt_mbx_wait                              0x080039b9   Thumb Code   174  rt_mailbox.o(i.rt_mbx_wait)
    rt_mut_release                           0x08003ab1   Thumb Code   208  rt_mutex.o(i.rt_mut_release)
    rt_mut_wait                              0x08003b89   Thumb Code   114  rt_mutex.o(i.rt_mut_wait)
    rt_pop_req                               0x08003c01   Thumb Code   112  rt_system.o(i.rt_pop_req)
    rt_psh_req                               0x08003c7d   Thumb Code    22  rt_system.o(i.rt_psh_req)
    rt_psq_enq                               0x08003c9d   Thumb Code    88  rt_list.o(i.rt_psq_enq)
    rt_put_dly                               0x08003cf9   Thumb Code    68  rt_list.o(i.rt_put_dly)
    rt_put_prio                              0x08003d41   Thumb Code    54  rt_list.o(i.rt_put_prio)
    rt_put_rdy_first                         0x08003d79   Thumb Code    14  rt_list.o(i.rt_put_rdy_first)
    rt_resort_prio                           0x08003d8d   Thumb Code    46  rt_list.o(i.rt_resort_prio)
    rt_ret_val                               0x08003dd1   Thumb Code    12  hal_cm.o(i.rt_ret_val)
    rt_ret_val2                              0x08003ddd   Thumb Code    16  hal_cm.o(i.rt_ret_val2)
    rt_rmv_dly                               0x08003ded   Thumb Code    40  rt_list.o(i.rt_rmv_dly)
    rt_rmv_list                              0x08003e15   Thumb Code    44  rt_list.o(i.rt_rmv_list)
    rt_sem_psh                               0x08003e45   Thumb Code    48  rt_semaphore.o(i.rt_sem_psh)
    rt_stk_check                             0x08003e79   Thumb Code    28  rt_system.o(i.rt_stk_check)
    rt_switch_req                            0x08003e9d   Thumb Code    30  rt_task.o(i.rt_switch_req)
    rt_sys_init                              0x08003ec5   Thumb Code   138  rt_task.o(i.rt_sys_init)
    rt_sys_start                             0x08003f91   Thumb Code   110  rt_task.o(i.rt_sys_start)
    rt_systick                               0x08004009   Thumb Code    50  rt_system.o(i.rt_systick)
    rt_tsk_create                            0x08004091   Thumb Code   118  rt_task.o(i.rt_tsk_create)
    rt_tsk_delete                            0x08004119   Thumb Code   352  rt_task.o(i.rt_tsk_delete)
    rt_tsk_prio                              0x08004295   Thumb Code   108  rt_task.o(i.rt_tsk_prio)
    rt_tsk_self                              0x08004311   Thumb Code    12  rt_task.o(i.rt_tsk_self)
    svcDelay                                 0x08004321   Thumb Code    18  rt_cmsis.o(i.svcDelay)
    svcKernelInitialize                      0x08004335   Thumb Code    80  rt_cmsis.o(i.svcKernelInitialize)
    svcKernelStart                           0x080043a5   Thumb Code    62  rt_cmsis.o(i.svcKernelStart)
    svcMessageCreate                         0x080043ed   Thumb Code    36  rt_cmsis.o(i.svcMessageCreate)
    svcMessageGet                            0x08004411   Thumb Code    58  rt_cmsis.o(i.svcMessageGet)
    svcSignalSet                             0x0800444b   Thumb Code    36  rt_cmsis.o(i.svcSignalSet)
    svcSignalWait                            0x08004471   Thumb Code    80  rt_cmsis.o(i.svcSignalWait)
    svcThreadCreate                          0x080044c5   Thumb Code    96  rt_cmsis.o(i.svcThreadCreate)
    svcThreadGetId                           0x08004531   Thumb Code    22  rt_cmsis.o(i.svcThreadGetId)
    svcThreadTerminate                       0x0800454d   Thumb Code    50  rt_cmsis.o(i.svcThreadTerminate)
    svcTimerCall                             0x08004585   Thumb Code    24  rt_cmsis.o(i.svcTimerCall)
    sysTimerTick                             0x0800459d   Thumb Code    84  rt_cmsis.o(i.sysTimerTick)
    _fp_init                                 0x080045f9   Thumb Code    10  fpinit.o(x$fpl$fpinit)
    __fplib_config_fpu_vfp                   0x08004601   Thumb Code     0  fpinit.o(x$fpl$fpinit)
    __fplib_config_pureend_doubles           0x08004601   Thumb Code     0  fpinit.o(x$fpl$fpinit)
    os_thread_def_Thread_envoi_I2C           0x08004604   Data          16  main.o(.constdata)
    os_maxtaskrun                            0x08004634   Data           2  rtx_conf_cm.o(.constdata)
    os_stackinfo                             0x08004638   Data           4  rtx_conf_cm.o(.constdata)
    os_rrobin                                0x0800463c   Data           4  rtx_conf_cm.o(.constdata)
    os_tickfreq                              0x08004640   Data           4  rtx_conf_cm.o(.constdata)
    os_tickus_i                              0x08004644   Data           2  rtx_conf_cm.o(.constdata)
    os_tickus_f                              0x08004646   Data           2  rtx_conf_cm.o(.constdata)
    os_trv                                   0x08004648   Data           4  rtx_conf_cm.o(.constdata)
    os_flags                                 0x0800464c   Data           1  rtx_conf_cm.o(.constdata)
    CMSIS_RTOS_API_Version                   0x08004650   Data           4  rtx_conf_cm.o(.constdata)
    CMSIS_RTOS_RTX_Version                   0x08004654   Data           4  rtx_conf_cm.o(.constdata)
    os_clockrate                             0x08004658   Data           4  rtx_conf_cm.o(.constdata)
    os_timernum                              0x0800465c   Data           4  rtx_conf_cm.o(.constdata)
    mp_tcb_size                              0x08004660   Data           2  rtx_conf_cm.o(.constdata)
    mp_stk_size                              0x08004664   Data           4  rtx_conf_cm.o(.constdata)
    os_stack_sz                              0x08004668   Data           4  rtx_conf_cm.o(.constdata)
    os_fifo_size                             0x0800466c   Data           1  rtx_conf_cm.o(.constdata)
    os_thread_def_osTimerThread              0x08004670   Data          16  rtx_conf_cm.o(.constdata)
    os_messageQ_def_osTimerMessageQ          0x08004680   Data           8  rtx_conf_cm.o(.constdata)
    mp_tmr_size                              0x08004688   Data           2  rtx_conf_cm.o(.constdata)
    os_thread_def_main                       0x0800468c   Data          16  rtx_conf_cm.o(.constdata)
    Driver_I2C1                              0x080046d4   Data          48  i2c_stm32f4xx.o(.constdata)
    AHBPrescTable                            0x0800470c   Data          16  system_stm32f4xx.o(.constdata)
    APBPrescTable                            0x0800471c   Data           8  system_stm32f4xx.o(.constdata)
    Region$$Table$$Base                      0x08004724   Number         0  anon$$obj.o(Region$$Table)
    Region$$Table$$Limit                     0x08004744   Number         0  anon$$obj.o(Region$$Table)
    ID_Envoi_I2C                             0x20000000   Data           4  main.o(.data)
    osThreadId_osTimerThread                 0x20000008   Data           4  rtx_conf_cm.o(.data)
    osMessageQId_osTimerMessageQ             0x2000000c   Data           4  rtx_conf_cm.o(.data)
    os_tmr                                   0x20000010   Data           4  rtx_conf_cm.o(.data)
    m_tmr                                    0x20000014   Data           4  rtx_conf_cm.o(.data)
    uwTick                                   0x2000001c   Data           4  stm32f4xx_hal.o(.data)
    uwTickPrio                               0x20000020   Data           4  stm32f4xx_hal.o(.data)
    uwTickFreq                               0x20000024   Data           1  stm32f4xx_hal.o(.data)
    SystemCoreClock                          0x20000028   Data           4  system_stm32f4xx.o(.data)
    os_initialized                           0x2000002c   Data           1  rt_cmsis.o(.data)
    os_running                               0x2000002d   Data           1  rt_cmsis.o(.data)
    os_timer_head                            0x20000030   Data           4  rt_cmsis.o(.data)
    os_tsk                                   0x20000034   Data           8  rt_task.o(.data)
    os_tick_irqn                             0x20000040   Data           4  rt_system.o(.data)
    os_time                                  0x20000044   Data           4  rt_time.o(.data)
    os_robin                                 0x20000048   Data           8  rt_robin.o(.data)
    dbg_msg                                  0x20000050   Data           1  hal_cm.o(.data)
    mp_tcb                                   0x20000058   Data         376  rtx_conf_cm.o(.bss)
    mp_stk                                   0x200001d0   Data       12016  rtx_conf_cm.o(.bss)
    os_stack_mem                             0x200030c0   Data        2232  rtx_conf_cm.o(.bss)
    os_fifo                                  0x20003978   Data         132  rtx_conf_cm.o(.bss)
    os_active_TCB                            0x200039fc   Data          28  rtx_conf_cm.o(.bss)
    os_messageQ_q_osTimerMessageQ            0x20003a18   Data          32  rtx_conf_cm.o(.bss)
    os_idle_TCB                              0x20003d80   Data          52  rt_task.o(.bss)
    os_rdy                                   0x20003db4   Data          24  rt_list.o(.bss)
    os_dly                                   0x20003dcc   Data          24  rt_list.o(.bss)
    __libspace_start                         0x20003de4   Data          96  libspace.o(.bss)
    __temporary_stack_top$libspace           0x20003e44   Data           0  libspace.o(.bss)



==============================================================================

Memory Map of the image

  Image Entry point : 0x08000189

  Load Region LR_IROM1 (Base: 0x08000000, Size: 0x00004798, Max: 0x00100000, ABSOLUTE)

    Execution Region ER_IROM1 (Base: 0x08000000, Size: 0x00004744, Max: 0x00100000, ABSOLUTE)

    Base Addr    Size         Type   Attr      Idx    E Section Name        Object

    0x08000000   0x00000188   Data   RO         2104    RESET               startup_stm32f407xx.o
    0x08000188   0x00000008   Code   RO         3375  * !!!main             c_w.l(__main.o)
    0x08000190   0x00000034   Code   RO         3536    !!!scatter          c_w.l(__scatter.o)
    0x080001c4   0x0000001a   Code   RO         3538    !!handler_copy      c_w.l(__scatter_copy.o)
    0x080001de   0x00000002   PAD
    0x080001e0   0x0000001c   Code   RO         3540    !!handler_zi        c_w.l(__scatter_zi.o)
    0x080001fc   0x00000002   Code   RO         3422    .ARM.Collect$$libinit$$00000000  c_w.l(libinit.o)
    0x080001fe   0x00000004   Code   RO         3433    .ARM.Collect$$libinit$$00000001  c_w.l(libinit2.o)
    0x08000202   0x00000000   Code   RO         3436    .ARM.Collect$$libinit$$00000004  c_w.l(libinit2.o)
    0x08000202   0x00000000   Code   RO         3439    .ARM.Collect$$libinit$$0000000A  c_w.l(libinit2.o)
    0x08000202   0x00000000   Code   RO         3441    .ARM.Collect$$libinit$$0000000C  c_w.l(libinit2.o)
    0x08000202   0x00000000   Code   RO         3443    .ARM.Collect$$libinit$$0000000E  c_w.l(libinit2.o)
    0x08000202   0x00000000   Code   RO         3446    .ARM.Collect$$libinit$$00000011  c_w.l(libinit2.o)
    0x08000202   0x00000000   Code   RO         3448    .ARM.Collect$$libinit$$00000013  c_w.l(libinit2.o)
    0x08000202   0x00000000   Code   RO         3450    .ARM.Collect$$libinit$$00000015  c_w.l(libinit2.o)
    0x08000202   0x00000000   Code   RO         3452    .ARM.Collect$$libinit$$00000017  c_w.l(libinit2.o)
    0x08000202   0x00000000   Code   RO         3454    .ARM.Collect$$libinit$$00000019  c_w.l(libinit2.o)
    0x08000202   0x00000000   Code   RO         3456    .ARM.Collect$$libinit$$0000001B  c_w.l(libinit2.o)
    0x08000202   0x00000000   Code   RO         3458    .ARM.Collect$$libinit$$0000001D  c_w.l(libinit2.o)
    0x08000202   0x00000000   Code   RO         3460    .ARM.Collect$$libinit$$0000001F  c_w.l(libinit2.o)
    0x08000202   0x00000000   Code   RO         3462    .ARM.Collect$$libinit$$00000021  c_w.l(libinit2.o)
    0x08000202   0x00000000   Code   RO         3464    .ARM.Collect$$libinit$$00000023  c_w.l(libinit2.o)
    0x08000202   0x00000000   Code   RO         3466    .ARM.Collect$$libinit$$00000025  c_w.l(libinit2.o)
    0x08000202   0x00000000   Code   RO         3470    .ARM.Collect$$libinit$$0000002C  c_w.l(libinit2.o)
    0x08000202   0x00000000   Code   RO         3472    .ARM.Collect$$libinit$$0000002E  c_w.l(libinit2.o)
    0x08000202   0x00000000   Code   RO         3474    .ARM.Collect$$libinit$$00000030  c_w.l(libinit2.o)
    0x08000202   0x00000000   Code   RO         3476    .ARM.Collect$$libinit$$00000032  c_w.l(libinit2.o)
    0x08000202   0x00000002   Code   RO         3477    .ARM.Collect$$libinit$$00000033  c_w.l(libinit2.o)
    0x08000204   0x00000002   Code   RO         3423    .ARM.Collect$$libshutdown$$00000000  c_w.l(libshutdown.o)
    0x08000206   0x00000000   Code   RO         3479    .ARM.Collect$$libshutdown$$00000002  c_w.l(libshutdown2.o)
    0x08000206   0x00000000   Code   RO         3481    .ARM.Collect$$libshutdown$$00000004  c_w.l(libshutdown2.o)
    0x08000206   0x00000000   Code   RO         3484    .ARM.Collect$$libshutdown$$00000007  c_w.l(libshutdown2.o)
    0x08000206   0x00000000   Code   RO         3487    .ARM.Collect$$libshutdown$$0000000A  c_w.l(libshutdown2.o)
    0x08000206   0x00000000   Code   RO         3489    .ARM.Collect$$libshutdown$$0000000C  c_w.l(libshutdown2.o)
    0x08000206   0x00000000   Code   RO         3492    .ARM.Collect$$libshutdown$$0000000F  c_w.l(libshutdown2.o)
    0x08000206   0x00000002   Code   RO         3493    .ARM.Collect$$libshutdown$$00000010  c_w.l(libshutdown2.o)
    0x08000208   0x00000000   Code   RO         3377    .ARM.Collect$$rtentry$$00000000  c_w.l(__rtentry.o)
    0x08000208   0x00000000   Code   RO         3385    .ARM.Collect$$rtentry$$00000002  c_w.l(__rtentry2.o)
    0x08000208   0x00000006   Code   RO         3397    .ARM.Collect$$rtentry$$00000004  c_w.l(__rtentry4.o)
    0x0800020e   0x00000000   Code   RO         3387    .ARM.Collect$$rtentry$$00000009  c_w.l(__rtentry2.o)
    0x0800020e   0x00000004   Code   RO         3388    .ARM.Collect$$rtentry$$0000000A  c_w.l(__rtentry2.o)
    0x08000212   0x00000008   Code   RO         3389    .ARM.Collect$$rtentry$$0000000B  c_w.l(__rtentry2.o)
    0x0800021a   0x00000008   Code   RO         3391    .ARM.Collect$$rtentry$$0000000D  c_w.l(__rtentry2.o)
    0x08000222   0x00000002   Code   RO         3378    .ARM.Collect$$rtexit$$00000000  c_w.l(rtexit.o)
    0x08000224   0x00000000   Code   RO         3400    .ARM.Collect$$rtexit$$00000002  c_w.l(rtexit2.o)
    0x08000224   0x00000004   Code   RO         3401    .ARM.Collect$$rtexit$$00000003  c_w.l(rtexit2.o)
    0x08000228   0x00000006   Code   RO         3402    .ARM.Collect$$rtexit$$00000004  c_w.l(rtexit2.o)
    0x0800022e   0x00000002   PAD
    0x08000230   0x0000001c   Code   RO          279    .emb_text           rtx_conf_cm.o
    0x0800024c   0x00000198   Code   RO         3349    .emb_text           RTX_CM4.lib(hal_cm4.o)
    0x080003e4   0x00000040   Code   RO         2105    .text               startup_stm32f407xx.o
    0x08000424   0x00000008   Code   RO         3364    .text               c_w.l(libspace.o)
    0x0800042c   0x000000ee   Code   RO         3367    .text               c_w.l(lludivv7m.o)
    0x0800051a   0x00000012   Code   RO         3369    .text               c_w.l(exit.o)
    0x0800052c   0x0000004e   Code   RO         3371    .text               c_w.l(rt_memclr_w.o)
    0x0800057a   0x00000006   Code   RO         3373    .text               c_w.l(heapauxi.o)
    0x08000580   0x0000000c   Code   RO         3408    .text               c_w.l(sys_exit.o)
    0x0800058c   0x0000004a   Code   RO         3410    .text               c_w.l(sys_stackheap_outer.o)
    0x080005d6   0x00000002   Code   RO         3424    .text               c_w.l(use_no_semi.o)
    0x080005d8   0x00000000   Code   RO         3426    .text               c_w.l(indicate_semi.o)
    0x080005d8   0x00000004   Code   RO         3359    SVC_TABLE           RTX_CM4.lib(svc_table.o)
    0x080005dc   0x00000034   Code   RO          834    i.DMA_CalcBaseAndBitshift  stm32f4xx_hal_dma.o
    0x08000610   0x000000aa   Code   RO          835    i.DMA_CheckFifoParam  stm32f4xx_hal_dma.o
    0x080006ba   0x0000002c   Code   RO          836    i.DMA_SetConfig     stm32f4xx_hal_dma.o
    0x080006e6   0x00000002   PAD
    0x080006e8   0x00000184   Code   RO          340    i.Enable_GPIO_Clock  i2c_stm32f4xx.o
    0x0800086c   0x00000004   Code   RO            4    i.Error_Handler     main.o
    0x08000870   0x000000aa   Code   RO          837    i.HAL_DMA_Abort     stm32f4xx_hal_dma.o
    0x0800091a   0x00000002   PAD
    0x0800091c   0x000000ec   Code   RO          843    i.HAL_DMA_Init      stm32f4xx_hal_dma.o
    0x08000a08   0x0000009e   Code   RO          847    i.HAL_DMA_Start_IT  stm32f4xx_hal_dma.o
    0x08000aa6   0x00000002   PAD
    0x08000aa8   0x00000028   Code   RO          518    i.HAL_Delay         stm32f4xx_hal.o
    0x08000ad0   0x00000164   Code   RO          981    i.HAL_GPIO_DeInit   stm32f4xx_hal_gpio.o
    0x08000c34   0x00000200   Code   RO          984    i.HAL_GPIO_Init     stm32f4xx_hal_gpio.o
    0x08000e34   0x00000010   Code   RO          986    i.HAL_GPIO_ReadPin  stm32f4xx_hal_gpio.o
    0x08000e44   0x0000000c   Code   RO          988    i.HAL_GPIO_WritePin  stm32f4xx_hal_gpio.o
    0x08000e50   0x0000000c   Code   RO          523    i.HAL_GetREVID      stm32f4xx_hal.o
    0x08000e5c   0x0000000c   Code   RO          524    i.HAL_GetTick       stm32f4xx_hal.o
    0x08000e68   0x00000030   Code   RO          531    i.HAL_Init          stm32f4xx_hal.o
    0x08000e98   0x0000004c   Code   RO          532    i.HAL_InitTick      stm32f4xx_hal.o
    0x08000ee4   0x00000002   Code   RO          534    i.HAL_MspInit       stm32f4xx_hal.o
    0x08000ee6   0x00000002   PAD
    0x08000ee8   0x00000024   Code   RO          697    i.HAL_NVIC_ClearPendingIRQ  stm32f4xx_hal_cortex.o
    0x08000f0c   0x00000044   Code   RO          698    i.HAL_NVIC_DisableIRQ  stm32f4xx_hal_cortex.o
    0x08000f50   0x00000028   Code   RO          699    i.HAL_NVIC_EnableIRQ  stm32f4xx_hal_cortex.o
    0x08000f78   0x0000007c   Code   RO          705    i.HAL_NVIC_SetPriority  stm32f4xx_hal_cortex.o
    0x08000ff4   0x00000028   Code   RO          706    i.HAL_NVIC_SetPriorityGrouping  stm32f4xx_hal_cortex.o
    0x0800101c   0x00000180   Code   RO         1684    i.HAL_RCC_ClockConfig  stm32f4xx_hal_rcc.o
    0x0800119c   0x0000000c   Code   RO         1689    i.HAL_RCC_GetHCLKFreq  stm32f4xx_hal_rcc.o
    0x080011a8   0x00000020   Code   RO         1691    i.HAL_RCC_GetPCLK1Freq  stm32f4xx_hal_rcc.o
    0x080011c8   0x000000b0   Code   RO         1693    i.HAL_RCC_GetSysClockFreq  stm32f4xx_hal_rcc.o
    0x08001278   0x00000448   Code   RO         1696    i.HAL_RCC_OscConfig  stm32f4xx_hal_rcc.o
    0x080016c0   0x00000034   Code   RO          710    i.HAL_SYSTICK_Config  stm32f4xx_hal_cortex.o
    0x080016f4   0x00000018   Code   RO          341    i.I2C1_Control      i2c_stm32f4xx.o
    0x0800170c   0x00000010   Code   RO          342    i.I2C1_ER_IRQHandler  i2c_stm32f4xx.o
    0x0800171c   0x00000010   Code   RO          343    i.I2C1_EV_IRQHandler  i2c_stm32f4xx.o
    0x0800172c   0x00000010   Code   RO          344    i.I2C1_GetDataCount  i2c_stm32f4xx.o
    0x0800173c   0x00000010   Code   RO          345    i.I2C1_GetStatus    i2c_stm32f4xx.o
    0x0800174c   0x00000014   Code   RO          346    i.I2C1_Initialize   i2c_stm32f4xx.o
    0x08001760   0x00000020   Code   RO          347    i.I2C1_MasterReceive  i2c_stm32f4xx.o
    0x08001780   0x00000020   Code   RO          348    i.I2C1_MasterTransmit  i2c_stm32f4xx.o
    0x080017a0   0x00000014   Code   RO          349    i.I2C1_PowerControl  i2c_stm32f4xx.o
    0x080017b4   0x00000018   Code   RO          350    i.I2C1_SlaveReceive  i2c_stm32f4xx.o
    0x080017cc   0x00000018   Code   RO          351    i.I2C1_SlaveTransmit  i2c_stm32f4xx.o
    0x080017e4   0x00000010   Code   RO          352    i.I2C1_Uninitialize  i2c_stm32f4xx.o
    0x080017f4   0x0000000c   Code   RO          353    i.I2CX_GetCapabilities  i2c_stm32f4xx.o
    0x08001800   0x00000010   Code   RO          354    i.I2CX_GetVersion   i2c_stm32f4xx.o
    0x08001810   0x0000034c   Code   RO          355    i.I2C_Control       i2c_stm32f4xx.o
    0x08001b5c   0x00000206   Code   RO          356    i.I2C_ER_IRQHandler  i2c_stm32f4xx.o
    0x08001d62   0x000006a8   Code   RO          357    i.I2C_EV_IRQHandler  i2c_stm32f4xx.o
    0x0800240a   0x00000034   Code   RO          358    i.I2C_GetDataCount  i2c_stm32f4xx.o
    0x0800243e   0x00000008   Code   RO          359    i.I2C_GetStatus     i2c_stm32f4xx.o
    0x08002446   0x00000002   PAD
    0x08002448   0x000001c0   Code   RO          360    i.I2C_Initialize    i2c_stm32f4xx.o
    0x08002608   0x00000144   Code   RO          361    i.I2C_MasterReceive  i2c_stm32f4xx.o
    0x0800274c   0x0000012a   Code   RO          362    i.I2C_MasterTransmit  i2c_stm32f4xx.o
    0x08002876   0x00000002   PAD
    0x08002878   0x00000298   Code   RO          363    i.I2C_PowerControl  i2c_stm32f4xx.o
    0x08002b10   0x00000088   Code   RO          364    i.I2C_SlaveReceive  i2c_stm32f4xx.o
    0x08002b98   0x00000088   Code   RO          365    i.I2C_SlaveTransmit  i2c_stm32f4xx.o
    0x08002c20   0x00000034   Code   RO          366    i.I2C_Uninitialize  i2c_stm32f4xx.o
    0x08002c54   0x00000028   Code   RO            5    i.Init_I2C          main.o
    0x08002c7c   0x0000004c   Code   RO          227    i.LED_Initialize    led_f4discovery.o
    0x08002cc8   0x0000002c   Code   RO          229    i.LED_On            led_f4discovery.o
    0x08002cf4   0x000000c0   Code   RO            6    i.SystemClock_Config  main.o
    0x08002db4   0x000000c0   Code   RO         2112    i.SystemCoreClockUpdate  system_stm32f4xx.o
    0x08002e74   0x00000064   Code   RO         2113    i.SystemInit        system_stm32f4xx.o
    0x08002ed8   0x000000cc   Code   RO            7    i.Thread_envoi_I2C  main.o
    0x08002fa4   0x00000010   Code   RO          712    i.__NVIC_GetPriorityGrouping  stm32f4xx_hal_cortex.o
    0x08002fb4   0x00000028   Code   RO          713    i.__NVIC_SetPriority  stm32f4xx_hal_cortex.o
    0x08002fdc   0x00000046   Code   RO         3243    i._init_box         RTX_CM4.lib(rt_membox.o)
    0x08003022   0x00000002   PAD
    0x08003024   0x00000020   Code   RO          281    i._mutex_acquire    rtx_conf_cm.o
    0x08003044   0x0000001c   Code   RO          283    i._mutex_release    rtx_conf_cm.o
    0x08003060   0x00000028   Code   RO            8    i.callback_I2C      main.o
    0x08003088   0x00000030   Code   RO         3296    i.dbg_init          RTX_CM4.lib(hal_cm.o)
    0x080030b8   0x00000020   Code   RO         3297    i.dbg_task_notify   RTX_CM4.lib(hal_cm.o)
    0x080030d8   0x00000010   Code   RO         3298    i.dbg_task_switch   RTX_CM4.lib(hal_cm.o)
    0x080030e8   0x0000002a   Code   RO         2149    i.isrMessageGet     RTX_CM4.lib(rt_cmsis.o)
    0x08003112   0x0000002c   Code   RO         2150    i.isrMessagePut     RTX_CM4.lib(rt_cmsis.o)
    0x0800313e   0x00000024   Code   RO         2152    i.isrSignalSet      RTX_CM4.lib(rt_cmsis.o)
    0x08003162   0x00000002   PAD
    0x08003164   0x00000028   Code   RO         2980    i.isr_evt_set       RTX_CM4.lib(rt_event.o)
    0x0800318c   0x00000056   Code   RO         3098    i.isr_mbx_receive   RTX_CM4.lib(rt_mailbox.o)
    0x080031e2   0x0000000e   Code   RO         3099    i.isr_mbx_send      RTX_CM4.lib(rt_mailbox.o)
    0x080031f0   0x00000040   Code   RO            9    i.main              main.o
    0x08003230   0x00000018   Code   RO         2153    i.osDelay           RTX_CM4.lib(rt_cmsis.o)
    0x08003248   0x00000024   Code   RO         2154    i.osKernelInitialize  RTX_CM4.lib(rt_cmsis.o)
    0x0800326c   0x0000006c   Code   RO         2156    i.osKernelStart     RTX_CM4.lib(rt_cmsis.o)
    0x080032d8   0x00000018   Code   RO         2165    i.osMessageGet      RTX_CM4.lib(rt_cmsis.o)
    0x080032f0   0x00000018   Code   RO         2180    i.osSignalSet       RTX_CM4.lib(rt_cmsis.o)
    0x08003308   0x00000018   Code   RO         2181    i.osSignalWait      RTX_CM4.lib(rt_cmsis.o)
    0x08003320   0x0000002c   Code   RO         2182    i.osThreadCreate    RTX_CM4.lib(rt_cmsis.o)
    0x0800334c   0x00000018   Code   RO         2183    i.osThreadExit      RTX_CM4.lib(rt_cmsis.o)
    0x08003364   0x0000000c   Code   RO         2189    i.osTimerCall       RTX_CM4.lib(rt_cmsis.o)
    0x08003370   0x0000002c   Code   RO         2194    i.osTimerThread     RTX_CM4.lib(rt_cmsis.o)
    0x0800339c   0x00000022   Code   RO          284    i.os_error          rtx_conf_cm.o
    0x080033be   0x00000004   Code   RO          285    i.os_idle_demon     rtx_conf_cm.o
    0x080033c2   0x00000002   PAD
    0x080033c4   0x00000028   Code   RO         2890    i.os_tick_init      RTX_CM4.lib(rt_system.o)
    0x080033ec   0x00000002   Code   RO         2891    i.os_tick_irqack    RTX_CM4.lib(rt_system.o)
    0x080033ee   0x00000002   PAD
    0x080033f0   0x000000b8   Code   RO           10    i.premier_envoi_I2C  main.o
    0x080034a8   0x0000001a   Code   RO         3244    i.rt_alloc_box      RTX_CM4.lib(rt_membox.o)
    0x080034c2   0x0000003e   Code   RO         3272    i.rt_alloc_mem      RTX_CM4.lib(rt_memory.o)
    0x08003500   0x00000038   Code   RO         2771    i.rt_block          RTX_CM4.lib(rt_task.o)
    0x08003538   0x00000048   Code   RO         3221    i.rt_chk_robin      RTX_CM4.lib(rt_robin.o)
    0x08003580   0x00000070   Code   RO         3022    i.rt_dec_dly        RTX_CM4.lib(rt_list.o)
    0x080035f0   0x00000044   Code   RO         2772    i.rt_dispatch       RTX_CM4.lib(rt_task.o)
    0x08003634   0x00000006   Code   RO         3188    i.rt_dly_wait       RTX_CM4.lib(rt_time.o)
    0x0800363a   0x00000002   PAD
    0x0800363c   0x00000050   Code   RO         2983    i.rt_evt_psh        RTX_CM4.lib(rt_event.o)
    0x0800368c   0x0000005c   Code   RO         2984    i.rt_evt_set        RTX_CM4.lib(rt_event.o)
    0x080036e8   0x0000003c   Code   RO         2985    i.rt_evt_wait       RTX_CM4.lib(rt_event.o)
    0x08003724   0x0000002c   Code   RO         3245    i.rt_free_box       RTX_CM4.lib(rt_membox.o)
    0x08003750   0x00000028   Code   RO         3273    i.rt_free_mem       RTX_CM4.lib(rt_memory.o)
    0x08003778   0x00000028   Code   RO         3023    i.rt_get_first      RTX_CM4.lib(rt_list.o)
    0x080037a0   0x00000008   Code   RO         2199    i.rt_id2obj         RTX_CM4.lib(rt_cmsis.o)
    0x080037a8   0x00000048   Code   RO         2773    i.rt_init_context   RTX_CM4.lib(rt_task.o)
    0x080037f0   0x0000001a   Code   RO         3274    i.rt_init_mem       RTX_CM4.lib(rt_memory.o)
    0x0800380a   0x00000002   PAD
    0x0800380c   0x00000018   Code   RO         3222    i.rt_init_robin     RTX_CM4.lib(rt_robin.o)
    0x08003824   0x00000080   Code   RO         3299    i.rt_init_stack     RTX_CM4.lib(hal_cm.o)
    0x080038a4   0x00000008   Code   RO         3100    i.rt_mbx_check      RTX_CM4.lib(rt_mailbox.o)
    0x080038ac   0x0000001a   Code   RO         3101    i.rt_mbx_init       RTX_CM4.lib(rt_mailbox.o)
    0x080038c6   0x00000002   PAD
    0x080038c8   0x000000f0   Code   RO         3102    i.rt_mbx_psh        RTX_CM4.lib(rt_mailbox.o)
    0x080039b8   0x000000b4   Code   RO         3104    i.rt_mbx_wait       RTX_CM4.lib(rt_mailbox.o)
    0x08003a6c   0x00000044   Code   RO         2200    i.rt_ms2tick        RTX_CM4.lib(rt_cmsis.o)
    0x08003ab0   0x000000d8   Code   RO         2857    i.rt_mut_release    RTX_CM4.lib(rt_mutex.o)
    0x08003b88   0x00000078   Code   RO         2858    i.rt_mut_wait       RTX_CM4.lib(rt_mutex.o)
    0x08003c00   0x0000007c   Code   RO         2894    i.rt_pop_req        RTX_CM4.lib(rt_system.o)
    0x08003c7c   0x00000020   Code   RO         2895    i.rt_psh_req        RTX_CM4.lib(rt_system.o)
    0x08003c9c   0x0000005c   Code   RO         3025    i.rt_psq_enq        RTX_CM4.lib(rt_list.o)
    0x08003cf8   0x00000048   Code   RO         3026    i.rt_put_dly        RTX_CM4.lib(rt_list.o)
    0x08003d40   0x00000036   Code   RO         3027    i.rt_put_prio       RTX_CM4.lib(rt_list.o)
    0x08003d76   0x00000002   PAD
    0x08003d78   0x00000014   Code   RO         3028    i.rt_put_rdy_first  RTX_CM4.lib(rt_list.o)
    0x08003d8c   0x00000034   Code   RO         3029    i.rt_resort_prio    RTX_CM4.lib(rt_list.o)
    0x08003dc0   0x00000010   Code   RO         3300    i.rt_ret_regs       RTX_CM4.lib(hal_cm.o)
    0x08003dd0   0x0000000c   Code   RO         3301    i.rt_ret_val        RTX_CM4.lib(hal_cm.o)
    0x08003ddc   0x00000010   Code   RO         3302    i.rt_ret_val2       RTX_CM4.lib(hal_cm.o)
    0x08003dec   0x00000028   Code   RO         3030    i.rt_rmv_dly        RTX_CM4.lib(rt_list.o)
    0x08003e14   0x00000030   Code   RO         3031    i.rt_rmv_list       RTX_CM4.lib(rt_list.o)
    0x08003e44   0x00000034   Code   RO         3149    i.rt_sem_psh        RTX_CM4.lib(rt_semaphore.o)
    0x08003e78   0x00000024   Code   RO         2897    i.rt_stk_check      RTX_CM4.lib(rt_system.o)
    0x08003e9c   0x00000028   Code   RO         2774    i.rt_switch_req     RTX_CM4.lib(rt_task.o)
    0x08003ec4   0x000000cc   Code   RO         2775    i.rt_sys_init       RTX_CM4.lib(rt_task.o)
    0x08003f90   0x00000078   Code   RO         2776    i.rt_sys_start      RTX_CM4.lib(rt_task.o)
    0x08004008   0x00000040   Code   RO         2899    i.rt_systick        RTX_CM4.lib(rt_system.o)
    0x08004048   0x00000012   Code   RO         2201    i.rt_tid2ptcb       RTX_CM4.lib(rt_cmsis.o)
    0x0800405a   0x00000002   PAD
    0x0800405c   0x00000034   Code   RO         2202    i.rt_timer_insert   RTX_CM4.lib(rt_cmsis.o)
    0x08004090   0x00000088   Code   RO         2777    i.rt_tsk_create     RTX_CM4.lib(rt_task.o)
    0x08004118   0x0000017c   Code   RO         2778    i.rt_tsk_delete     RTX_CM4.lib(rt_task.o)
    0x08004294   0x0000007c   Code   RO         2780    i.rt_tsk_prio       RTX_CM4.lib(rt_task.o)
    0x08004310   0x00000010   Code   RO         2781    i.rt_tsk_self       RTX_CM4.lib(rt_task.o)
    0x08004320   0x00000012   Code   RO         2204    i.svcDelay          RTX_CM4.lib(rt_cmsis.o)
    0x08004332   0x00000002   PAD
    0x08004334   0x00000070   Code   RO         2205    i.svcKernelInitialize  RTX_CM4.lib(rt_cmsis.o)
    0x080043a4   0x00000048   Code   RO         2207    i.svcKernelStart    RTX_CM4.lib(rt_cmsis.o)
    0x080043ec   0x00000024   Code   RO         2210    i.svcMessageCreate  RTX_CM4.lib(rt_cmsis.o)
    0x08004410   0x0000003a   Code   RO         2211    i.svcMessageGet     RTX_CM4.lib(rt_cmsis.o)
    0x0800444a   0x00000024   Code   RO         2223    i.svcSignalSet      RTX_CM4.lib(rt_cmsis.o)
    0x0800446e   0x00000002   PAD
    0x08004470   0x00000054   Code   RO         2224    i.svcSignalWait     RTX_CM4.lib(rt_cmsis.o)
    0x080044c4   0x0000006c   Code   RO         2225    i.svcThreadCreate   RTX_CM4.lib(rt_cmsis.o)
    0x08004530   0x0000001c   Code   RO         2226    i.svcThreadGetId    RTX_CM4.lib(rt_cmsis.o)
    0x0800454c   0x00000038   Code   RO         2229    i.svcThreadTerminate  RTX_CM4.lib(rt_cmsis.o)
    0x08004584   0x00000018   Code   RO         2231    i.svcTimerCall      RTX_CM4.lib(rt_cmsis.o)
    0x0800459c   0x0000005c   Code   RO         2240    i.sysTimerTick      RTX_CM4.lib(rt_cmsis.o)
    0x080045f8   0x0000000a   Code   RO         3500    x$fpl$fpinit        fz_wm.l(fpinit.o)
    0x08004602   0x00000002   PAD
    0x08004604   0x00000010   Data   RO           11    .constdata          main.o
    0x08004614   0x00000020   Data   RO          232    .constdata          led_f4discovery.o
    0x08004634   0x00000068   Data   RO          287    .constdata          rtx_conf_cm.o
    0x0800469c   0x00000068   Data   RO          368    .constdata          i2c_stm32f4xx.o
    0x08004704   0x00000008   Data   RO          849    .constdata          stm32f4xx_hal_dma.o
    0x0800470c   0x00000018   Data   RO         2114    .constdata          system_stm32f4xx.o
    0x08004724   0x00000020   Data   RO         3534    Region$$Table       anon$$obj.o


    Execution Region RW_IRAM1 (Base: 0x20000000, Size: 0x00004448, Max: 0x00020000, ABSOLUTE)

    Base Addr    Size         Type   Attr      Idx    E Section Name        Object

    0x20000000   0x00000008   Data   RW           12    .data               main.o
    0x20000008   0x00000014   Data   RW          288    .data               rtx_conf_cm.o
    0x2000001c   0x00000009   Data   RW          538    .data               stm32f4xx_hal.o
    0x20000025   0x00000003   PAD
    0x20000028   0x00000004   Data   RW         2115    .data               system_stm32f4xx.o
    0x2000002c   0x00000008   Data   RW         2243    .data               RTX_CM4.lib(rt_cmsis.o)
    0x20000034   0x00000008   Data   RW         2783    .data               RTX_CM4.lib(rt_task.o)
    0x2000003c   0x00000008   Data   RW         2902    .data               RTX_CM4.lib(rt_system.o)
    0x20000044   0x00000004   Data   RW         3192    .data               RTX_CM4.lib(rt_time.o)
    0x20000048   0x00000008   Data   RW         3223    .data               RTX_CM4.lib(rt_robin.o)
    0x20000050   0x00000001   Data   RW         3303    .data               RTX_CM4.lib(hal_cm.o)
    0x20000051   0x00000007   PAD
    0x20000058   0x00003d00   Zero   RW          286    .bss                rtx_conf_cm.o
    0x20003d58   0x00000028   Zero   RW          367    .bss                i2c_stm32f4xx.o
    0x20003d80   0x00000034   Zero   RW         2782    .bss                RTX_CM4.lib(rt_task.o)
    0x20003db4   0x00000030   Zero   RW         3032    .bss                RTX_CM4.lib(rt_list.o)
    0x20003de4   0x00000060   Zero   RW         3365    .bss                c_w.l(libspace.o)
    0x20003e44   0x00000004   PAD
    0x20003e48   0x00000200   Zero   RW         2103    HEAP                startup_stm32f407xx.o
    0x20004048   0x00000400   Zero   RW         2102    STACK               startup_stm32f407xx.o


==============================================================================

Image component sizes


      Code (inc. data)   RO Data    RW Data    ZI Data      Debug   Object Name

      5856        166        104          0         40      25016   i2c_stm32f4xx.o
       120         12         32          0          0       2298   led_f4discovery.o
       728         50         16          8          0     663062   main.o
       126         26        104         20      15616       9371   rtx_conf_cm.o
        64         26        392          0       1536        872   startup_stm32f407xx.o
       190         30          0          9          0       5404   stm32f4xx_hal.o
       416         34          0          0          0      36320   stm32f4xx_hal_cortex.o
       830         10          8          0          0       5574   stm32f4xx_hal_dma.o
       896         86          0          0          0       4105   stm32f4xx_hal_gpio.o
      1700         74          0          0          0       5229   stm32f4xx_hal_rcc.o
       292         40         24          4          0       2091   system_stm32f4xx.o

    ----------------------------------------------------------------------
     11232        554        712         44      17192     759342   Object Totals
         0          0         32          0          0          0   (incl. Generated)
        14          0          0          3          0          0   (incl. Padding)

    ----------------------------------------------------------------------

      Code (inc. data)   RO Data    RW Data    ZI Data      Debug   Library Member Name

       268         24          0          1          0       4472   hal_cm.o
       408         34          0          0          0        816   hal_cm4.o
      1356        160          0          8          0      39390   rt_cmsis.o
       272         18          0          0          0       2810   rt_event.o
       530         34          0          0         48       8601   rt_list.o
       554         10          0          0          0       4189   rt_mailbox.o
       140          0          0          0          0       2045   rt_membox.o
       128          0          0          0          0       2419   rt_memory.o
       336         14          0          0          0       1727   rt_mutex.o
        96         22          0          8          0       1230   rt_robin.o
        52          4          0          0          0        613   rt_semaphore.o
       298         52          0          8          0       6439   rt_system.o
      1216        174          0          8         52      10045   rt_task.o
         6          0          0          4          0        692   rt_time.o
         4          4          0          0          0        200   svc_table.o
         8          0          0          0          0         68   __main.o
         0          0          0          0          0          0   __rtentry.o
        20          0          0          0          0          0   __rtentry2.o
         6          0          0          0          0          0   __rtentry4.o
        52          8          0          0          0          0   __scatter.o
        26          0          0          0          0          0   __scatter_copy.o
        28          0          0          0          0          0   __scatter_zi.o
        18          0          0          0          0         80   exit.o
         6          0          0          0          0        152   heapauxi.o
         0          0          0          0          0          0   indicate_semi.o
         2          0          0          0          0          0   libinit.o
         6          0          0          0          0          0   libinit2.o
         2          0          0          0          0          0   libshutdown.o
         2          0          0          0          0          0   libshutdown2.o
         8          4          0          0         96         68   libspace.o
       238          0          0          0          0        100   lludivv7m.o
        78          0          0          0          0         80   rt_memclr_w.o
         2          0          0          0          0          0   rtexit.o
        10          0          0          0          0          0   rtexit2.o
        12          4          0          0          0         68   sys_exit.o
        74          0          0          0          0         80   sys_stackheap_outer.o
         2          0          0          0          0         68   use_no_semi.o
        10          0          0          0          0        116   fpinit.o

    ----------------------------------------------------------------------
      6300        566          0         40        204      86568   Library Totals
        26          0          0          3          8          0   (incl. Padding)

    ----------------------------------------------------------------------

      Code (inc. data)   RO Data    RW Data    ZI Data      Debug   Library Name

      5664        550          0         37        100      85688   RTX_CM4.lib
       600         16          0          0         96        764   c_w.l
        10          0          0          0          0        116   fz_wm.l

    ----------------------------------------------------------------------
      6300        566          0         40        204      86568   Library Totals

    ----------------------------------------------------------------------

==============================================================================


      Code (inc. data)   RO Data    RW Data    ZI Data      Debug   

     17532       1120        712         84      17396     831050   Grand Totals
     17532       1120        712         84      17396     831050   ELF Image Totals
     17532       1120        712         84          0          0   ROM Totals

==============================================================================

    Total RO  Size (Code + RO Data)                18244 (  17.82kB)
    Total RW  Size (RW Data + ZI Data)             17480 (  17.07kB)
    Total ROM Size (Code + RO Data + RW Data)      18328 (  17.90kB)

==============================================================================

